Archive member included to satisfy reference by file (symbol)

/usr/lib/gcc/arm-none-eabi/10.3.1/thumb/v6-m/nofp/libgcc.a(_dvmd_tls.o)
                              CMakeFiles/pico_wifi_example.dir/home/sets/pico-sdk/src/rp2_common/pico_divider/divider_hardware.S.obj (__aeabi_idiv0)
/usr/lib/gcc/arm-none-eabi/10.3.1/../../../arm-none-eabi/lib/thumb/v6-m/nofp/libg.a(lib_a-atexit.o)
                              /usr/lib/gcc/arm-none-eabi/10.3.1/../../../arm-none-eabi/lib/thumb/v6-m/nofp/crt0.o (atexit)
/usr/lib/gcc/arm-none-eabi/10.3.1/../../../arm-none-eabi/lib/thumb/v6-m/nofp/libg.a(lib_a-atoi.o)
                              CMakeFiles/pico_wifi_example.dir/home/sets/pico-sdk/lib/lwip/src/core/netif.c.obj (atoi)
/usr/lib/gcc/arm-none-eabi/10.3.1/../../../arm-none-eabi/lib/thumb/v6-m/nofp/libg.a(lib_a-calloc.o)
                              CMakeFiles/pico_wifi_example.dir/home/sets/pico-sdk/src/rp2_common/pico_malloc/malloc.c.obj (calloc)
/usr/lib/gcc/arm-none-eabi/10.3.1/../../../arm-none-eabi/lib/thumb/v6-m/nofp/libg.a(lib_a-callocr.o)
                              /usr/lib/gcc/arm-none-eabi/10.3.1/../../../arm-none-eabi/lib/thumb/v6-m/nofp/libg.a(lib_a-calloc.o) (_calloc_r)
/usr/lib/gcc/arm-none-eabi/10.3.1/../../../arm-none-eabi/lib/thumb/v6-m/nofp/libg.a(lib_a-ctype_.o)
                              CMakeFiles/pico_wifi_example.dir/home/sets/pico-sdk/lib/lwip/src/core/dns.c.obj (_ctype_)
/usr/lib/gcc/arm-none-eabi/10.3.1/../../../arm-none-eabi/lib/thumb/v6-m/nofp/libg.a(lib_a-fini.o)
                              /usr/lib/gcc/arm-none-eabi/10.3.1/../../../arm-none-eabi/lib/thumb/v6-m/nofp/crt0.o (__libc_fini_array)
/usr/lib/gcc/arm-none-eabi/10.3.1/../../../arm-none-eabi/lib/thumb/v6-m/nofp/libg.a(lib_a-impure.o)
                              /usr/lib/gcc/arm-none-eabi/10.3.1/../../../arm-none-eabi/lib/thumb/v6-m/nofp/libg.a(lib_a-calloc.o) (_impure_ptr)
/usr/lib/gcc/arm-none-eabi/10.3.1/../../../arm-none-eabi/lib/thumb/v6-m/nofp/libg.a(lib_a-init.o)
                              /usr/lib/gcc/arm-none-eabi/10.3.1/../../../arm-none-eabi/lib/thumb/v6-m/nofp/crt0.o (__libc_init_array)
/usr/lib/gcc/arm-none-eabi/10.3.1/../../../arm-none-eabi/lib/thumb/v6-m/nofp/libg.a(lib_a-lcltime_r.o)
                              CMakeFiles/pico_wifi_example.dir/home/sets/pico-sdk/src/common/pico_util/datetime.c.obj (localtime_r)
/usr/lib/gcc/arm-none-eabi/10.3.1/../../../arm-none-eabi/lib/thumb/v6-m/nofp/libg.a(lib_a-malloc.o)
                              CMakeFiles/pico_wifi_example.dir/home/sets/pico-sdk/src/rp2_common/pico_malloc/malloc.c.obj (malloc)
/usr/lib/gcc/arm-none-eabi/10.3.1/../../../arm-none-eabi/lib/thumb/v6-m/nofp/libg.a(lib_a-mallocr.o)
                              /usr/lib/gcc/arm-none-eabi/10.3.1/../../../arm-none-eabi/lib/thumb/v6-m/nofp/libg.a(lib_a-callocr.o) (_malloc_r)
/usr/lib/gcc/arm-none-eabi/10.3.1/../../../arm-none-eabi/lib/thumb/v6-m/nofp/libg.a(lib_a-memcmp.o)
                              CMakeFiles/pico_wifi_example.dir/home/sets/pico-sdk/src/rp2_common/pico_atomic/atomic.c.obj (memcmp)
/usr/lib/gcc/arm-none-eabi/10.3.1/../../../arm-none-eabi/lib/thumb/v6-m/nofp/libg.a(lib_a-memmove.o)
                              CMakeFiles/pico_wifi_example.dir/home/sets/pico-sdk/lib/lwip/src/core/def.c.obj (memmove)
/usr/lib/gcc/arm-none-eabi/10.3.1/../../../arm-none-eabi/lib/thumb/v6-m/nofp/libg.a(lib_a-mktime.o)
                              CMakeFiles/pico_wifi_example.dir/home/sets/pico-sdk/src/common/pico_util/datetime.c.obj (mktime)
/usr/lib/gcc/arm-none-eabi/10.3.1/../../../arm-none-eabi/lib/thumb/v6-m/nofp/libg.a(lib_a-mlock.o)
                              /usr/lib/gcc/arm-none-eabi/10.3.1/../../../arm-none-eabi/lib/thumb/v6-m/nofp/libg.a(lib_a-mallocr.o) (__malloc_lock)
/usr/lib/gcc/arm-none-eabi/10.3.1/../../../arm-none-eabi/lib/thumb/v6-m/nofp/libg.a(lib_a-month_lengths.o)
                              /usr/lib/gcc/arm-none-eabi/10.3.1/../../../arm-none-eabi/lib/thumb/v6-m/nofp/libg.a(lib_a-lcltime_r.o) (__month_lengths)
/usr/lib/gcc/arm-none-eabi/10.3.1/../../../arm-none-eabi/lib/thumb/v6-m/nofp/libg.a(lib_a-realloc.o)
                              CMakeFiles/pico_wifi_example.dir/home/sets/pico-sdk/src/rp2_common/pico_malloc/malloc.c.obj (realloc)
/usr/lib/gcc/arm-none-eabi/10.3.1/../../../arm-none-eabi/lib/thumb/v6-m/nofp/libg.a(lib_a-reallocr.o)
                              /usr/lib/gcc/arm-none-eabi/10.3.1/../../../arm-none-eabi/lib/thumb/v6-m/nofp/libg.a(lib_a-realloc.o) (_realloc_r)
/usr/lib/gcc/arm-none-eabi/10.3.1/../../../arm-none-eabi/lib/thumb/v6-m/nofp/libg.a(lib_a-sbrkr.o)
                              /usr/lib/gcc/arm-none-eabi/10.3.1/../../../arm-none-eabi/lib/thumb/v6-m/nofp/libg.a(lib_a-mallocr.o) (_sbrk_r)
/usr/lib/gcc/arm-none-eabi/10.3.1/../../../arm-none-eabi/lib/thumb/v6-m/nofp/libg.a(lib_a-strlen-stub.o)
                              CMakeFiles/pico_wifi_example.dir/home/sets/pico-sdk/src/rp2_common/pico_stdio/stdio.c.obj (strlen)
[...]
Memory Configuration

Name             Origin             Length             Attributes
FLASH            0x0000000010000000 0x0000000000200000 xr
RAM              0x0000000020000000 0x0000000000040000 xrw
SCRATCH_X        0x0000000020040000 0x0000000000001000 xrw
SCRATCH_Y        0x0000000020041000 0x0000000000001000 xrw
*default*        0x0000000000000000 0xffffffffffffffff

Linker script and memory map

LOAD /usr/lib/gcc/arm-none-eabi/10.3.1/thumb/v6-m/nofp/crti.o
LOAD /usr/lib/gcc/arm-none-eabi/10.3.1/thumb/v6-m/nofp/crtbegin.o
LOAD /usr/lib/gcc/arm-none-eabi/10.3.1/../../../arm-none-eabi/lib/thumb/v6-m/nofp/crt0.o

.flash_begin    0x0000000010000000        0x0
                0x0000000010000000                __flash_binary_start = .

.boot2          0x0000000010000000      0x100
                0x0000000010000000                __boot2_start__ = .
 *(.boot2)
 .boot2         0x0000000010000000      0x100 /tmp/ccbampSL.o
                0x0000000010000100                __boot2_end__ = .
                0x0000000000000001                ASSERT (((__boot2_end__ - __boot2_start__) == 0x100), ERROR: Pico second stage bootloader must be 256 bytes in size)

.text           0x0000000010000100    0x172bc
                0x0000000010000100                __logical_binary_start = .
 *(.vectors)
 .vectors       0x0000000010000100       0xd4 CMakeFiles/pico_wifi_example.dir/home/sets/pico-sdk/src/rp2_common/pico_crt0/crt0.S.obj
                0x0000000010000100                __vectors
                0x0000000010000100                __VECTOR_TABLE
                0x00000000100001c0                isr_invalid
                0x00000000100001c0                __default_isrs_start
                0x00000000100001c2                isr_nmi
                0x00000000100001c4                isr_hardfault
                0x00000000100001c6                isr_svcall
                0x00000000100001c8                isr_pendsv
                0x00000000100001ca                isr_systick
                0x00000000100001cc                isr_irq30
                0x00000000100001cc                __unhandled_user_irq
                0x00000000100001cc                isr_irq13
                0x00000000100001cc                isr_irq27
                0x00000000100001cc                isr_irq31
                0x00000000100001cc                isr_irq5
                0x00000000100001cc                isr_irq11
                0x00000000100001cc                isr_irq23
                0x00000000100001cc                isr_irq18
                0x00000000100001cc                isr_irq28
                0x00000000100001cc                isr_irq19
                0x00000000100001cc                isr_irq0
                0x00000000100001cc                isr_irq6
                0x00000000100001cc                isr_irq22
                0x00000000100001cc                isr_irq17
                0x00000000100001cc                isr_irq14
                0x00000000100001cc                isr_irq2
                0x00000000100001cc                isr_irq10
                0x00000000100001cc                isr_irq8
                0x00000000100001cc                isr_irq24
                0x00000000100001cc                isr_irq1
                0x00000000100001cc                isr_irq7
                0x00000000100001cc                isr_irq21
                0x00000000100001cc                isr_irq20
                0x00000000100001cc                isr_irq15
                0x00000000100001cc                isr_irq25
                0x00000000100001cc                isr_irq4
                0x00000000100001cc                isr_irq16
                0x00000000100001cc                isr_irq29
                0x00000000100001cc                isr_irq26
                0x00000000100001cc                __default_isrs_end
                0x00000000100001cc                isr_irq3
                0x00000000100001cc                isr_irq12
                0x00000000100001cc                isr_irq9
                0x00000000100001d2                unhandled_user_irq_num_in_r0
 *(.binary_info_header)
 .binary_info_header
                0x00000000100001d4       0x14 CMakeFiles/pico_wifi_example.dir/home/sets/pico-sdk/src/rp2_common/pico_crt0/crt0.S.obj
                0x00000000100001e8                __binary_info_header_end = .
 *(.embedded_block)
                0x00000000100001e8                __embedded_block_end = .
 *(.reset)
 .reset         0x00000000100001e8       0x9c CMakeFiles/pico_wifi_example.dir/home/sets/pico-sdk/src/rp2_common/pico_crt0/crt0.S.obj
                0x00000000100001e8                _entry_point
 *(.init)
 .init          0x0000000010000284        0x4 /usr/lib/gcc/arm-none-eabi/10.3.1/thumb/v6-m/nofp/crti.o
                0x0000000010000284                _init
 *(EXCLUDE_FILE(*libm.a: *libc.a:*lib_a-mem*.o *libgcc.a:) .text*)
 .text          0x0000000010000288       0x98 /usr/lib/gcc/arm-none-eabi/10.3.1/thumb/v6-m/nofp/crtbegin.o
 .text.connect_to_wifi
                0x0000000010000320       0x74 CMakeFiles/pico_wifi_example.dir/wifi_code.c.obj
                0x0000000010000320                connect_to_wifi
 .text.startup.main
                0x0000000010000394       0x24 CMakeFiles/pico_wifi_example.dir/wifi_code.c.obj
                0x0000000010000394                main
 .text.gpio_set_function
                0x00000000100003b8       0x34 CMakeFiles/pico_wifi_example.dir/home/sets/pico-sdk/src/rp2_common/hardware_gpio/gpio.c.obj
                0x00000000100003b8                gpio_set_function
 .text.gpio_set_pulls
                0x00000000100003ec       0x34 CMakeFiles/pico_wifi_example.dir/home/sets/pico-sdk/src/rp2_common/hardware_gpio/gpio.c.obj
                0x00000000100003ec                gpio_set_pulls
 .text.gpio_set_input_hysteresis_enabled
                0x0000000010000420       0x28 CMakeFiles/pico_wifi_example.dir/home/sets/pico-sdk/src/rp2_common/hardware_gpio/gpio.c.obj
                0x0000000010000420                gpio_set_input_hysteresis_enabled
 .text.gpio_set_irq_enabled
                0x0000000010000448       0x58 CMakeFiles/pico_wifi_example.dir/home/sets/pico-sdk/src/rp2_common/hardware_gpio/gpio.c.obj
                0x0000000010000448                gpio_set_irq_enabled
 .text.gpio_add_raw_irq_handler_with_order_priority_masked
                0x00000000100004a0       0x44 CMakeFiles/pico_wifi_example.dir/home/sets/pico-sdk/src/rp2_common/hardware_gpio/gpio.c.obj
                0x00000000100004a0                gpio_add_raw_irq_handler_with_order_priority_masked
 .text.gpio_remove_raw_irq_handler_masked
                0x00000000100004e4       0x20 CMakeFiles/pico_wifi_example.dir/home/sets/pico-sdk/src/rp2_common/hardware_gpio/gpio.c.obj
                0x00000000100004e4                gpio_remove_raw_irq_handler_masked
 .text.gpio_init
                0x0000000010000504       0x40 CMakeFiles/pico_wifi_example.dir/home/sets/pico-sdk/src/rp2_common/hardware_gpio/gpio.c.obj
                0x0000000010000504                gpio_init
 .text.rp2040_chip_version
                0x0000000010000544        0xc CMakeFiles/pico_wifi_example.dir/home/sets/pico-sdk/src/rp2040/pico_platform/platform.c.obj
                0x0000000010000544                rp2040_chip_version
 .text.panic    0x0000000010000550       0x30 CMakeFiles/pico_wifi_example.dir/home/sets/pico-sdk/src/rp2_common/pico_platform_panic/panic.c.obj
                0x0000000010000550                panic
 .text.hw_claim_lock
                0x0000000010000580       0x18 CMakeFiles/pico_wifi_example.dir/home/sets/pico-sdk/src/common/hardware_claim/claim.c.obj
                0x0000000010000580                hw_claim_lock
 .text.hw_claim_unlock
                0x0000000010000598       0x14 CMakeFiles/pico_wifi_example.dir/home/sets/pico-sdk/src/common/hardware_claim/claim.c.obj
                0x0000000010000598                hw_claim_unlock
 .text.hw_claim_or_assert
                0x00000000100005ac       0x44 CMakeFiles/pico_wifi_example.dir/home/sets/pico-sdk/src/common/hardware_claim/claim.c.obj
                0x00000000100005ac                hw_claim_or_assert
 .text.hw_claim_unused_from_range
                0x00000000100005f0       0x9c CMakeFiles/pico_wifi_example.dir/home/sets/pico-sdk/src/common/hardware_claim/claim.c.obj
                0x00000000100005f0                hw_claim_unused_from_range
 .text.hw_claim_clear
                0x000000001000068c       0x38 CMakeFiles/pico_wifi_example.dir/home/sets/pico-sdk/src/common/hardware_claim/claim.c.obj
                0x000000001000068c                hw_claim_clear
 .text.next_striped_spin_lock_num
                0x00000000100006c4       0x18 CMakeFiles/pico_wifi_example.dir/home/sets/pico-sdk/src/rp2_common/hardware_sync/sync.c.obj
                0x00000000100006c4                next_striped_spin_lock_num
 .text.spin_lock_claim_unused
                0x00000000100006dc       0x20 CMakeFiles/pico_wifi_example.dir/home/sets/pico-sdk/src/rp2_common/hardware_sync/sync.c.obj
                0x00000000100006dc                spin_lock_claim_unused
 .text.spin_locks_reset
                0x00000000100006fc       0x1c CMakeFiles/pico_wifi_example.dir/home/sets/pico-sdk/src/rp2_common/hardware_sync_spin_lock/sync_spin_lock.c.obj
                0x00000000100006fc                spin_locks_reset
 .text.runtime_init_per_core_irq_priorities
                0x0000000010000718       0x24 CMakeFiles/pico_wifi_example.dir/home/sets/pico-sdk/src/rp2_common/hardware_irq/irq.c.obj
                0x0000000010000718                runtime_init_per_core_irq_priorities
 .text.irq_set_enabled
                0x000000001000073c       0x24 CMakeFiles/pico_wifi_example.dir/home/sets/pico-sdk/src/rp2_common/hardware_irq/irq.c.obj
                0x000000001000073c                irq_set_enabled
 .text.irq_is_enabled
                0x0000000010000760       0x18 CMakeFiles/pico_wifi_example.dir/home/sets/pico-sdk/src/rp2_common/hardware_irq/irq.c.obj
                0x0000000010000760                irq_is_enabled
 .text.irq_set_pending
                0x0000000010000778       0x10 CMakeFiles/pico_wifi_example.dir/home/sets/pico-sdk/src/rp2_common/hardware_irq/irq.c.obj
                0x0000000010000778                irq_set_pending
 .text.irq_has_shared_handler
                0x0000000010000788       0x2c CMakeFiles/pico_wifi_example.dir/home/sets/pico-sdk/src/rp2_common/hardware_irq/irq.c.obj
                0x0000000010000788                irq_has_shared_handler
 .text.irq_set_exclusive_handler
                0x00000000100007b4       0x54 CMakeFiles/pico_wifi_example.dir/home/sets/pico-sdk/src/rp2_common/hardware_irq/irq.c.obj
                0x00000000100007b4                irq_set_exclusive_handler
 .text.irq_add_shared_handler
                0x0000000010000808      0x1e8 CMakeFiles/pico_wifi_example.dir/home/sets/pico-sdk/src/rp2_common/hardware_irq/irq.c.obj
                0x0000000010000808                irq_add_shared_handler
 .text.irq_remove_handler
                0x00000000100009f0      0x1c4 CMakeFiles/pico_wifi_example.dir/home/sets/pico-sdk/src/rp2_common/hardware_irq/irq.c.obj
                0x00000000100009f0                irq_remove_handler
 .text.irq_set_priority
                0x0000000010000bb4       0x28 CMakeFiles/pico_wifi_example.dir/home/sets/pico-sdk/src/rp2_common/hardware_irq/irq.c.obj
                0x0000000010000bb4                irq_set_priority
 .text.irq_add_tail_to_free_list
                0x0000000010000bdc       0xb4 CMakeFiles/pico_wifi_example.dir/home/sets/pico-sdk/src/rp2_common/hardware_irq/irq.c.obj
                0x0000000010000bdc                irq_add_tail_to_free_list
 .text.user_irq_unclaim
                0x0000000010000c90       0x14 CMakeFiles/pico_wifi_example.dir/home/sets/pico-sdk/src/rp2_common/hardware_irq/irq.c.obj
                0x0000000010000c90                user_irq_unclaim
 .text.user_irq_claim_unused
                0x0000000010000ca4       0x28 CMakeFiles/pico_wifi_example.dir/home/sets/pico-sdk/src/rp2_common/hardware_irq/irq.c.obj
                0x0000000010000ca4                user_irq_claim_unused
 .text.sem_init
                0x0000000010000ccc       0x20 CMakeFiles/pico_wifi_example.dir/home/sets/pico-sdk/src/common/pico_sync/sem.c.obj
                0x0000000010000ccc                sem_init
 .text.lock_init
                0x0000000010000cec       0x10 CMakeFiles/pico_wifi_example.dir/home/sets/pico-sdk/src/common/pico_sync/lock_core.c.obj
                0x0000000010000cec                lock_init
 .text.runtime_init_mutex
                0x0000000010000cfc       0x58 CMakeFiles/pico_wifi_example.dir/home/sets/pico-sdk/src/common/pico_sync/mutex.c.obj
                0x0000000010000cfc                runtime_init_mutex
 .text.mutex_init
                0x0000000010000d54       0x1c CMakeFiles/pico_wifi_example.dir/home/sets/pico-sdk/src/common/pico_sync/mutex.c.obj
                0x0000000010000d54                mutex_init
 .text.recursive_mutex_init
                0x0000000010000d70       0x1c CMakeFiles/pico_wifi_example.dir/home/sets/pico-sdk/src/common/pico_sync/mutex.c.obj
                0x0000000010000d70                recursive_mutex_init
 .text.critical_section_init
                0x0000000010000d8c       0x20 CMakeFiles/pico_wifi_example.dir/home/sets/pico-sdk/src/common/pico_sync/critical_section.c.obj
                0x0000000010000d8c                critical_section_init
 .text.critical_section_init_with_lock_num
                0x0000000010000dac       0x14 CMakeFiles/pico_wifi_example.dir/home/sets/pico-sdk/src/common/pico_sync/critical_section.c.obj
                0x0000000010000dac                critical_section_init_with_lock_num
 .text.sleep_until_callback
                0x0000000010000dc0       0x30 CMakeFiles/pico_wifi_example.dir/home/sets/pico-sdk/src/common/pico_time/time.c.obj
 .text.alarm_pool_irq_handler
                0x0000000010000df0      0x2e4 CMakeFiles/pico_wifi_example.dir/home/sets/pico-sdk/src/common/pico_time/time.c.obj
 .text.runtime_init_default_alarm_pool
                0x00000000100010d4       0xdc CMakeFiles/pico_wifi_example.dir/home/sets/pico-sdk/src/common/pico_time/time.c.obj
                0x00000000100010d4                runtime_init_default_alarm_pool
 .text.alarm_pool_get_default
                0x00000000100011b0        0x8 CMakeFiles/pico_wifi_example.dir/home/sets/pico-sdk/src/common/pico_time/time.c.obj
                0x00000000100011b0                alarm_pool_get_default
 .text.alarm_pool_add_alarm_at
                0x00000000100011b8       0xc8 CMakeFiles/pico_wifi_example.dir/home/sets/pico-sdk/src/common/pico_time/time.c.obj
                0x00000000100011b8                alarm_pool_add_alarm_at
 .text.alarm_pool_add_alarm_at_force_in_context
                0x0000000010001280       0xb0 CMakeFiles/pico_wifi_example.dir/home/sets/pico-sdk/src/common/pico_time/time.c.obj
                0x0000000010001280                alarm_pool_add_alarm_at_force_in_context
 .text.alarm_pool_cancel_alarm
                0x0000000010001330       0x7c CMakeFiles/pico_wifi_example.dir/home/sets/pico-sdk/src/common/pico_time/time.c.obj
                0x0000000010001330                alarm_pool_cancel_alarm
 .text.alarm_pool_core_num
                0x00000000100013ac        0x4 CMakeFiles/pico_wifi_example.dir/home/sets/pico-sdk/src/common/pico_time/time.c.obj
                0x00000000100013ac                alarm_pool_core_num
 .text.sleep_until
                0x00000000100013b0       0xd0 CMakeFiles/pico_wifi_example.dir/home/sets/pico-sdk/src/common/pico_time/time.c.obj
                0x00000000100013b0                sleep_until
 .text.sleep_ms
                0x0000000010001480       0x34 CMakeFiles/pico_wifi_example.dir/home/sets/pico-sdk/src/common/pico_time/time.c.obj
                0x0000000010001480                sleep_ms
 .text.best_effort_wfe_or_timeout
                0x00000000100014b4      0x11c CMakeFiles/pico_wifi_example.dir/home/sets/pico-sdk/src/common/pico_time/time.c.obj
                0x00000000100014b4                best_effort_wfe_or_timeout
 .text.timer_hardware_alarm_claim
                0x00000000100015d0       0x14 CMakeFiles/pico_wifi_example.dir/home/sets/pico-sdk/src/rp2_common/hardware_timer/timer.c.obj
                0x00000000100015d0                timer_hardware_alarm_claim
 .text.timer_time_us_64
                0x00000000100015e4       0x10 CMakeFiles/pico_wifi_example.dir/home/sets/pico-sdk/src/rp2_common/hardware_timer/timer.c.obj
                0x00000000100015e4                timer_time_us_64
 .text.time_us_64
                0x00000000100015f4       0x14 CMakeFiles/pico_wifi_example.dir/home/sets/pico-sdk/src/rp2_common/hardware_timer/timer.c.obj
                0x00000000100015f4                time_us_64
 .text.busy_wait_us
                0x0000000010001608       0x54 CMakeFiles/pico_wifi_example.dir/home/sets/pico-sdk/src/rp2_common/hardware_timer/timer.c.obj
                0x0000000010001608                busy_wait_us
 .text.busy_wait_until
                0x000000001000165c       0x20 CMakeFiles/pico_wifi_example.dir/home/sets/pico-sdk/src/rp2_common/hardware_timer/timer.c.obj
                0x000000001000165c                busy_wait_until
 .text.clock_configure_int_divider
                0x000000001000167c       0xf4 CMakeFiles/pico_wifi_example.dir/home/sets/pico-sdk/src/rp2_common/hardware_clocks/clocks.c.obj
                0x000000001000167c                clock_configure_int_divider
 .text.clock_configure_undivided
                0x0000000010001770       0xe8 CMakeFiles/pico_wifi_example.dir/home/sets/pico-sdk/src/rp2_common/hardware_clocks/clocks.c.obj
                0x0000000010001770                clock_configure_undivided
 .text.clock_get_hz
                0x0000000010001858        0xc CMakeFiles/pico_wifi_example.dir/home/sets/pico-sdk/src/rp2_common/hardware_clocks/clocks.c.obj
                0x0000000010001858                clock_get_hz
 .text.pll_init
                0x0000000010001864       0xa0 CMakeFiles/pico_wifi_example.dir/home/sets/pico-sdk/src/rp2_common/hardware_pll/pll.c.obj
                0x0000000010001864                pll_init
 .text.watchdog_reboot
                0x0000000010001904       0x98 CMakeFiles/pico_wifi_example.dir/home/sets/pico-sdk/src/rp2_common/hardware_watchdog/watchdog.c.obj
                0x0000000010001904                watchdog_reboot
 .text.tick_start
                0x000000001000199c       0x10 CMakeFiles/pico_wifi_example.dir/home/sets/pico-sdk/src/rp2_common/hardware_ticks/ticks.c.obj
                0x000000001000199c                tick_start
 .text.xosc_init
                0x00000000100019ac       0x28 CMakeFiles/pico_wifi_example.dir/home/sets/pico-sdk/src/rp2_common/hardware_xosc/xosc.c.obj
                0x00000000100019ac                xosc_init
 .text.first_per_core_initializer
                0x00000000100019d4        0x4 CMakeFiles/pico_wifi_example.dir/home/sets/pico-sdk/src/rp2_common/pico_runtime/runtime.c.obj
 .text.hard_assertion_failure
                0x00000000100019d8        0xc CMakeFiles/pico_wifi_example.dir/home/sets/pico-sdk/src/rp2_common/pico_runtime/runtime.c.obj
                0x00000000100019d8                hard_assertion_failure
 .text.runtime_run_initializers
                0x00000000100019e4       0x28 CMakeFiles/pico_wifi_example.dir/home/sets/pico-sdk/src/rp2_common/pico_runtime/runtime.c.obj
                0x00000000100019e4                runtime_run_initializers
 .text.runtime_init_early_resets
                0x0000000010001a0c       0x2c CMakeFiles/pico_wifi_example.dir/home/sets/pico-sdk/src/rp2_common/pico_runtime_init/runtime_init.c.obj
                0x0000000010001a0c                runtime_init_early_resets
 .text.runtime_init_usb_power_down
                0x0000000010001a38       0x1c CMakeFiles/pico_wifi_example.dir/home/sets/pico-sdk/src/rp2_common/pico_runtime_init/runtime_init.c.obj
                0x0000000010001a38                runtime_init_usb_power_down
 .text.runtime_init_post_clock_resets
                0x0000000010001a54       0x20 CMakeFiles/pico_wifi_example.dir/home/sets/pico-sdk/src/rp2_common/pico_runtime_init/runtime_init.c.obj
                0x0000000010001a54                runtime_init_post_clock_resets
 .text.runtime_init_rp2040_gpio_ie_disable
                0x0000000010001a74       0x14 CMakeFiles/pico_wifi_example.dir/home/sets/pico-sdk/src/rp2_common/pico_runtime_init/runtime_init.c.obj
                0x0000000010001a74                runtime_init_rp2040_gpio_ie_disable
 .text.runtime_init_spin_locks_reset
                0x0000000010001a88        0x8 CMakeFiles/pico_wifi_example.dir/home/sets/pico-sdk/src/rp2_common/pico_runtime_init/runtime_init.c.obj
                0x0000000010001a88                runtime_init_spin_locks_reset
 .text.runtime_init_install_ram_vector_table
                0x0000000010001a90       0x1c CMakeFiles/pico_wifi_example.dir/home/sets/pico-sdk/src/rp2_common/pico_runtime_init/runtime_init.c.obj
                0x0000000010001a90                runtime_init_install_ram_vector_table
 .text.runtime_init_clocks
                0x0000000010001aac       0xd8 CMakeFiles/pico_wifi_example.dir/home/sets/pico-sdk/src/rp2_common/pico_runtime_init/runtime_init_clocks.c.obj
                0x0000000010001aac                runtime_init_clocks
 .text          0x0000000010001b84       0x10 CMakeFiles/pico_wifi_example.dir/home/sets/pico-sdk/src/rp2_common/pico_bit_ops/bit_ops_aeabi.S.obj
 .text.ctzsi    0x0000000010001b94        0xc CMakeFiles/pico_wifi_example.dir/home/sets/pico-sdk/src/rp2_common/pico_bit_ops/bit_ops_aeabi.S.obj
                0x0000000010001b94                __wrap___ctzsi2
 .text.rom_func_lookup
                0x0000000010001ba0       0x10 CMakeFiles/pico_wifi_example.dir/home/sets/pico-sdk/src/rp2_common/pico_bootrom/bootrom.c.obj
                0x0000000010001ba0                rom_func_lookup
 .text.rom_data_lookup
                0x0000000010001bb0       0x10 CMakeFiles/pico_wifi_example.dir/home/sets/pico-sdk/src/rp2_common/pico_bootrom/bootrom.c.obj
                0x0000000010001bb0                rom_data_lookup
 .text.rom_funcs_lookup
                0x0000000010001bc0       0x44 CMakeFiles/pico_wifi_example.dir/home/sets/pico-sdk/src/rp2_common/pico_bootrom/bootrom.c.obj
                0x0000000010001bc0                rom_funcs_lookup
 .text.rom_reset_usb_boot
                0x0000000010001c04       0x20 CMakeFiles/pico_wifi_example.dir/home/sets/pico-sdk/src/rp2_common/pico_bootrom/bootrom.c.obj
                0x0000000010001c04                rom_reset_usb_boot
 .text.__wrap___aeabi_idiv
                0x0000000010001c24       0x50 CMakeFiles/pico_wifi_example.dir/home/sets/pico-sdk/src/rp2_common/pico_divider/divider_hardware.S.obj
                0x0000000010001c24                __wrap___aeabi_idivmod
                0x0000000010001c24                divmod_s32s32
                0x0000000010001c24                div_s32s32
                0x0000000010001c24                __wrap___aeabi_idiv
                0x0000000010001c2c                divmod_s32s32_unsafe
                0x0000000010001c58                divmod_s32s32_savestate
 .text.__wrap___aeabi_uidiv
                0x0000000010001c74       0x4c CMakeFiles/pico_wifi_example.dir/home/sets/pico-sdk/src/rp2_common/pico_divider/divider_hardware.S.obj
                0x0000000010001c74                __wrap___aeabi_uidiv
                0x0000000010001c74                __wrap___aeabi_uidivmod
                0x0000000010001c74                div_u32u32
                0x0000000010001c74                divmod_u32u32
                0x0000000010001c7c                divmod_u32u32_unsafe
                0x0000000010001ca4                divmod_u32u32_savestate
 .text.__wrap___aeabi_ldiv
                0x0000000010001cc0      0x424 CMakeFiles/pico_wifi_example.dir/home/sets/pico-sdk/src/rp2_common/pico_divider/divider_hardware.S.obj
                0x0000000010001cc0                div_s64s64
                0x0000000010001cc0                divmod_s64s64
                0x0000000010001cc0                __wrap___aeabi_ldivmod
                0x0000000010001cf0                div_u64u64
                0x0000000010001cf0                divmod_u64u64
                0x0000000010001cf0                __wrap___aeabi_uldivmod
                0x0000000010001d00                divmod_u64u64_savestate
                0x0000000010001d20                divmod_s64s64_unsafe
                0x0000000010001da8                divmod_u64u64_unsafe
 .text.__wrap___aeabi_darithmetic
                0x00000000100020e4       0x60 CMakeFiles/pico_wifi_example.dir/home/sets/pico-sdk/src/rp2_common/pico_double/double_aeabi_rp2040.S.obj
                0x00000000100020e4                __wrap___aeabi_drsub
                0x00000000100020ea                __wrap___aeabi_dsub
                0x00000000100020f4                __wrap___aeabi_dadd
                0x00000000100020fe                __wrap___aeabi_ddiv
                0x0000000010002132                __wrap___aeabi_dmul
 .text.__wrap___aeabi_cdcmple
                0x0000000010002144       0x6c CMakeFiles/pico_wifi_example.dir/home/sets/pico-sdk/src/rp2_common/pico_double/double_aeabi_rp2040.S.obj
                0x0000000010002144                __wrap___aeabi_cdrcmple
                0x0000000010002154                __wrap___aeabi_cdcmple
                0x0000000010002154                __wrap___aeabi_cdcmpeq
 .text.__wrap___aeabi_dcmplt
                0x00000000100021b0        0xc CMakeFiles/pico_wifi_example.dir/home/sets/pico-sdk/src/rp2_common/pico_double/double_aeabi_rp2040.S.obj
                0x00000000100021b0                __wrap___aeabi_dcmplt
 .text.__wrap___aeabi_dcmple
                0x00000000100021bc       0x10 CMakeFiles/pico_wifi_example.dir/home/sets/pico-sdk/src/rp2_common/pico_double/double_aeabi_rp2040.S.obj
                0x00000000100021bc                __wrap___aeabi_dcmple
 .text.__wrap___aeabi_dcmpge
                0x00000000100021cc       0x10 CMakeFiles/pico_wifi_example.dir/home/sets/pico-sdk/src/rp2_common/pico_double/double_aeabi_rp2040.S.obj
                0x00000000100021cc                __wrap___aeabi_dcmpge
 .text.__wrap___aeabi_dcmpgt
                0x00000000100021dc        0xa CMakeFiles/pico_wifi_example.dir/home/sets/pico-sdk/src/rp2_common/pico_double/double_aeabi_rp2040.S.obj
                0x00000000100021dc                __wrap___aeabi_dcmpgt
 .text.__wrap___aeabi_dcmpun
                0x00000000100021e6       0x18 CMakeFiles/pico_wifi_example.dir/home/sets/pico-sdk/src/rp2_common/pico_double/double_aeabi_rp2040.S.obj
                0x00000000100021e6                __wrap___aeabi_dcmpun
 *fill*         0x00000000100021fe        0x2 
 .text.__wrap___aeabi_i2d
                0x0000000010002200       0x38 CMakeFiles/pico_wifi_example.dir/home/sets/pico-sdk/src/rp2_common/pico_double/double_aeabi_rp2040.S.obj
                0x0000000010002200                __wrap___aeabi_ui2d
                0x0000000010002208                __wrap___aeabi_i2d
 .text.__wrap___aeabi_d2iz
                0x0000000010002238       0x48 CMakeFiles/pico_wifi_example.dir/home/sets/pico-sdk/src/rp2_common/pico_double/double_aeabi_rp2040.S.obj
                0x0000000010002238                __wrap___aeabi_d2iz
                0x0000000010002238                double2int_z
 .text.__wrap___aeabi_d2uiz
                0x0000000010002280       0x10 CMakeFiles/pico_wifi_example.dir/home/sets/pico-sdk/src/rp2_common/pico_double/double_aeabi_rp2040.S.obj
                0x0000000010002280                double2uint
                0x0000000010002280                __wrap___aeabi_d2uiz
 .text.missing_double_func_shim
                0x0000000010002290        0xc CMakeFiles/pico_wifi_example.dir/home/sets/pico-sdk/src/rp2_common/pico_double/double_init_rom_rp2040.c.obj
 .text.__aeabi_double_init
                0x000000001000229c       0xa4 CMakeFiles/pico_wifi_example.dir/home/sets/pico-sdk/src/rp2_common/pico_double/double_init_rom_rp2040.c.obj
                0x000000001000229c                __aeabi_double_init
 .text.double_table_shim_on_use_helper
                0x0000000010002340       0x2c CMakeFiles/pico_wifi_example.dir/home/sets/pico-sdk/src/rp2_common/pico_double/double_v1_rom_shim_rp2040.S.obj
                0x0000000010002340                double_table_shim_on_use_helper
 .text.__aeabi_lmul
                0x000000001000236c       0x32 CMakeFiles/pico_wifi_example.dir/home/sets/pico-sdk/src/rp2_common/pico_int64_ops/pico_int64_ops_aeabi.S.obj
                0x000000001000236c                __wrap___aeabi_lmul
 *fill*         0x000000001000239e        0x2 
 .text.missing_float_func_shim
                0x00000000100023a0        0xc CMakeFiles/pico_wifi_example.dir/home/sets/pico-sdk/src/rp2_common/pico_float/float_init_rom_rp2040.c.obj
 .text.__aeabi_float_init
                0x00000000100023ac       0x5c CMakeFiles/pico_wifi_example.dir/home/sets/pico-sdk/src/rp2_common/pico_float/float_init_rom_rp2040.c.obj
                0x00000000100023ac                __aeabi_float_init
 .text          0x0000000010002408       0x10 CMakeFiles/pico_wifi_example.dir/home/sets/pico-sdk/src/rp2_common/pico_mem_ops/mem_ops_aeabi.S.obj
                0x0000000010002408                __aeabi_mem_init
 .text.memset   0x0000000010002418        0xc CMakeFiles/pico_wifi_example.dir/home/sets/pico-sdk/src/rp2_common/pico_mem_ops/mem_ops_aeabi.S.obj
                0x0000000010002418                __wrap_memset
 .text.memcpy   0x0000000010002424        0xc CMakeFiles/pico_wifi_example.dir/home/sets/pico-sdk/src/rp2_common/pico_mem_ops/mem_ops_aeabi.S.obj
                0x0000000010002424                __wrap___aeabi_memcpy
                0x0000000010002424                __wrap_memcpy
 .text._out_null
                0x0000000010002430        0x4 CMakeFiles/pico_wifi_example.dir/home/sets/pico-sdk/src/rp2_common/pico_printf/printf.c.obj
 .text._out_rev
                0x0000000010002434       0x9c CMakeFiles/pico_wifi_example.dir/home/sets/pico-sdk/src/rp2_common/pico_printf/printf.c.obj
 .text._ntoa_format
                0x00000000100024d0      0x1cc CMakeFiles/pico_wifi_example.dir/home/sets/pico-sdk/src/rp2_common/pico_printf/printf.c.obj
 .text._out_char
                0x000000001000269c       0x10 CMakeFiles/pico_wifi_example.dir/home/sets/pico-sdk/src/rp2_common/pico_printf/printf.c.obj
 .text._out_fct
                0x00000000100026ac       0x10 CMakeFiles/pico_wifi_example.dir/home/sets/pico-sdk/src/rp2_common/pico_printf/printf.c.obj
 .text._etoa    0x00000000100026bc      0x44c CMakeFiles/pico_wifi_example.dir/home/sets/pico-sdk/src/rp2_common/pico_printf/printf.c.obj
 .text._ftoa    0x0000000010002b08      0x398 CMakeFiles/pico_wifi_example.dir/home/sets/pico-sdk/src/rp2_common/pico_printf/printf.c.obj
 .text._vsnprintf
                0x0000000010002ea0      0xb04 CMakeFiles/pico_wifi_example.dir/home/sets/pico-sdk/src/rp2_common/pico_printf/printf.c.obj
 .text.vfctprintf
                0x00000000100039a4       0x20 CMakeFiles/pico_wifi_example.dir/home/sets/pico-sdk/src/rp2_common/pico_printf/printf.c.obj
                0x00000000100039a4                vfctprintf
 .text.weak_raw_vprintf
                0x00000000100039c4       0x30 CMakeFiles/pico_wifi_example.dir/home/sets/pico-sdk/src/rp2_common/pico_printf/printf.c.obj
                0x00000000100039c4                weak_raw_vprintf
 .text._exit    0x00000000100039f4        0x4 CMakeFiles/pico_wifi_example.dir/home/sets/pico-sdk/src/rp2_common/pico_clib_interface/newlib_interface.c.obj
                0x00000000100039f4                _exit
 .text.exit     0x00000000100039f8        0x8 CMakeFiles/pico_wifi_example.dir/home/sets/pico-sdk/src/rp2_common/pico_clib_interface/newlib_interface.c.obj
                0x00000000100039f8                exit
 .text.runtime_init
                0x0000000010003a00       0x2c CMakeFiles/pico_wifi_example.dir/home/sets/pico-sdk/src/rp2_common/pico_clib_interface/newlib_interface.c.obj
                0x0000000010003a00                runtime_init
 .text.stdio_out_chars_no_crlf
                0x0000000010003a2c       0x10 CMakeFiles/pico_wifi_example.dir/home/sets/pico-sdk/src/rp2_common/pico_stdio/stdio.c.obj
 .text.stdio_out_chars_crlf
                0x0000000010003a3c       0xb4 CMakeFiles/pico_wifi_example.dir/home/sets/pico-sdk/src/rp2_common/pico_stdio/stdio.c.obj
 .text.stdio_buffered_printer
                0x0000000010003af0       0x64 CMakeFiles/pico_wifi_example.dir/home/sets/pico-sdk/src/rp2_common/pico_stdio/stdio.c.obj
 .text.stdio_put_string
                0x0000000010003b54      0x100 CMakeFiles/pico_wifi_example.dir/home/sets/pico-sdk/src/rp2_common/pico_stdio/stdio.c.obj
                0x0000000010003b54                stdio_put_string
 .text.stdio_set_driver_enabled
                0x0000000010003c54       0x30 CMakeFiles/pico_wifi_example.dir/home/sets/pico-sdk/src/rp2_common/pico_stdio/stdio.c.obj
                0x0000000010003c54                stdio_set_driver_enabled
 .text.stdio_init_all
                0x0000000010003c84        0x8 CMakeFiles/pico_wifi_example.dir/home/sets/pico-sdk/src/rp2_common/pico_stdio/stdio.c.obj
                0x0000000010003c84                stdio_init_all
 .text.__wrap_getchar
                0x0000000010003c8c       0x74 CMakeFiles/pico_wifi_example.dir/home/sets/pico-sdk/src/rp2_common/pico_stdio/stdio.c.obj
                0x0000000010003c8c                __wrap_getchar
                0x0000000010003c8c                stdio_getchar
 .text.__wrap_putchar
                0x0000000010003d00       0x98 CMakeFiles/pico_wifi_example.dir/home/sets/pico-sdk/src/rp2_common/pico_stdio/stdio.c.obj
                0x0000000010003d00                stdio_putchar
                0x0000000010003d00                __wrap_putchar
 .text.__wrap_puts
                0x0000000010003d98       0x3c CMakeFiles/pico_wifi_example.dir/home/sets/pico-sdk/src/rp2_common/pico_stdio/stdio.c.obj
                0x0000000010003d98                __wrap_puts
                0x0000000010003d98                stdio_puts
 .text.__wrap_vprintf
                0x0000000010003dd4       0xd8 CMakeFiles/pico_wifi_example.dir/home/sets/pico-sdk/src/rp2_common/pico_stdio/stdio.c.obj
                0x0000000010003dd4                __wrap_vprintf
                0x0000000010003dd4                stdio_vprintf
 .text.__wrap_printf
                0x0000000010003eac       0x18 CMakeFiles/pico_wifi_example.dir/home/sets/pico-sdk/src/rp2_common/pico_stdio/stdio.c.obj
                0x0000000010003eac                stdio_printf
                0x0000000010003eac                __wrap_printf
 .text.resetd_init
                0x0000000010003ec4        0x4 CMakeFiles/pico_wifi_example.dir/home/sets/pico-sdk/src/rp2_common/pico_stdio_usb/reset_interface.c.obj
 .text.resetd_reset
                0x0000000010003ec8        0xc CMakeFiles/pico_wifi_example.dir/home/sets/pico-sdk/src/rp2_common/pico_stdio_usb/reset_interface.c.obj
 .text.resetd_open
                0x0000000010003ed4       0x28 CMakeFiles/pico_wifi_example.dir/home/sets/pico-sdk/src/rp2_common/pico_stdio_usb/reset_interface.c.obj
 .text.resetd_xfer_cb
                0x0000000010003efc        0x4 CMakeFiles/pico_wifi_example.dir/home/sets/pico-sdk/src/rp2_common/pico_stdio_usb/reset_interface.c.obj
 .text.resetd_control_xfer_cb
                0x0000000010003f00       0x54 CMakeFiles/pico_wifi_example.dir/home/sets/pico-sdk/src/rp2_common/pico_stdio_usb/reset_interface.c.obj
 .text.tud_descriptor_bos_cb
                0x0000000010003f54        0x8 CMakeFiles/pico_wifi_example.dir/home/sets/pico-sdk/src/rp2_common/pico_stdio_usb/reset_interface.c.obj
                0x0000000010003f54                tud_descriptor_bos_cb
 .text.tud_vendor_control_xfer_cb
                0x0000000010003f5c       0x34 CMakeFiles/pico_wifi_example.dir/home/sets/pico-sdk/src/rp2_common/pico_stdio_usb/reset_interface.c.obj
                0x0000000010003f5c                tud_vendor_control_xfer_cb
 .text.usbd_app_driver_get_cb
                0x0000000010003f90        0xc CMakeFiles/pico_wifi_example.dir/home/sets/pico-sdk/src/rp2_common/pico_stdio_usb/reset_interface.c.obj
                0x0000000010003f90                usbd_app_driver_get_cb
 .text.tud_cdc_line_coding_cb
                0x0000000010003f9c       0x28 CMakeFiles/pico_wifi_example.dir/home/sets/pico-sdk/src/rp2_common/pico_stdio_usb/reset_interface.c.obj
                0x0000000010003f9c                tud_cdc_line_coding_cb
 .text.stdio_usb_set_chars_available_callback
                0x0000000010003fc4       0x14 CMakeFiles/pico_wifi_example.dir/home/sets/pico-sdk/src/rp2_common/pico_stdio_usb/stdio_usb.c.obj
                0x0000000010003fc4                stdio_usb_set_chars_available_callback
 .text.usb_irq  0x0000000010003fd8       0x10 CMakeFiles/pico_wifi_example.dir/home/sets/pico-sdk/src/rp2_common/pico_stdio_usb/stdio_usb.c.obj
 .text.timer_task
                0x0000000010003fe8       0x64 CMakeFiles/pico_wifi_example.dir/home/sets/pico-sdk/src/rp2_common/pico_stdio_usb/stdio_usb.c.obj
 .text.stdio_usb_in_chars
                0x000000001000404c       0x90 CMakeFiles/pico_wifi_example.dir/home/sets/pico-sdk/src/rp2_common/pico_stdio_usb/stdio_usb.c.obj
                0x000000001000404c                stdio_usb_in_chars
 .text.stdio_usb_out_flush
                0x00000000100040dc       0x50 CMakeFiles/pico_wifi_example.dir/home/sets/pico-sdk/src/rp2_common/pico_stdio_usb/stdio_usb.c.obj
 .text.stdio_usb_out_chars
                0x000000001000412c      0x100 CMakeFiles/pico_wifi_example.dir/home/sets/pico-sdk/src/rp2_common/pico_stdio_usb/stdio_usb.c.obj
 .text.low_priority_worker_irq
                0x000000001000422c       0xc8 CMakeFiles/pico_wifi_example.dir/home/sets/pico-sdk/src/rp2_common/pico_stdio_usb/stdio_usb.c.obj
 .text.stdio_usb_init
                0x00000000100042f4       0xe4 CMakeFiles/pico_wifi_example.dir/home/sets/pico-sdk/src/rp2_common/pico_stdio_usb/stdio_usb.c.obj
                0x00000000100042f4                stdio_usb_init
 .text.tud_descriptor_device_cb
                0x00000000100043d8        0x8 CMakeFiles/pico_wifi_example.dir/home/sets/pico-sdk/src/rp2_common/pico_stdio_usb/stdio_usb_descriptors.c.obj
                0x00000000100043d8                tud_descriptor_device_cb
 .text.tud_descriptor_configuration_cb
                0x00000000100043e0        0x8 CMakeFiles/pico_wifi_example.dir/home/sets/pico-sdk/src/rp2_common/pico_stdio_usb/stdio_usb_descriptors.c.obj
                0x00000000100043e0                tud_descriptor_configuration_cb
 .text.tud_descriptor_string_cb
                0x00000000100043e8       0x74 CMakeFiles/pico_wifi_example.dir/home/sets/pico-sdk/src/rp2_common/pico_stdio_usb/stdio_usb_descriptors.c.obj
                0x00000000100043e8                tud_descriptor_string_cb
 .text.startup._retrieve_unique_id_on_boot
                0x000000001000445c       0x10 CMakeFiles/pico_wifi_example.dir/home/sets/pico-sdk/src/rp2_common/pico_unique_id/unique_id.c.obj
 .text.pico_get_unique_board_id
                0x000000001000446c       0x10 CMakeFiles/pico_wifi_example.dir/home/sets/pico-sdk/src/rp2_common/pico_unique_id/unique_id.c.obj
                0x000000001000446c                pico_get_unique_board_id
 .text.pico_get_unique_board_id_string
                0x000000001000447c      0x1a8 CMakeFiles/pico_wifi_example.dir/home/sets/pico-sdk/src/rp2_common/pico_unique_id/unique_id.c.obj
                0x000000001000447c                pico_get_unique_board_id_string
 .text.flash_get_unique_id
                0x0000000010004624       0x40 CMakeFiles/pico_wifi_example.dir/home/sets/pico-sdk/src/rp2_common/hardware_flash/flash.c.obj
                0x0000000010004624                flash_get_unique_id
 .text.dcd_init
                0x0000000010004664       0x8c CMakeFiles/pico_wifi_example.dir/home/sets/pico-sdk/lib/tinyusb/src/portable/raspberrypi/rp2040/dcd_rp2040.c.obj
                0x0000000010004664                dcd_init
 .text.dcd_int_enable
                0x00000000100046f0        0xc CMakeFiles/pico_wifi_example.dir/home/sets/pico-sdk/lib/tinyusb/src/portable/raspberrypi/rp2040/dcd_rp2040.c.obj
                0x00000000100046f0                dcd_int_enable
 .text.dcd_set_address
                0x00000000100046fc       0x14 CMakeFiles/pico_wifi_example.dir/home/sets/pico-sdk/lib/tinyusb/src/portable/raspberrypi/rp2040/dcd_rp2040.c.obj
                0x00000000100046fc                dcd_set_address
 .text.dcd_sof_enable
                0x0000000010004710       0x1c CMakeFiles/pico_wifi_example.dir/home/sets/pico-sdk/lib/tinyusb/src/portable/raspberrypi/rp2040/dcd_rp2040.c.obj
                0x0000000010004710                dcd_sof_enable
 .text.dcd_edpt0_status_complete
                0x000000001000472c       0x1c CMakeFiles/pico_wifi_example.dir/home/sets/pico-sdk/lib/tinyusb/src/portable/raspberrypi/rp2040/dcd_rp2040.c.obj
                0x000000001000472c                dcd_edpt0_status_complete
 .text.dcd_edpt_open
                0x0000000010004748      0x108 CMakeFiles/pico_wifi_example.dir/home/sets/pico-sdk/lib/tinyusb/src/portable/raspberrypi/rp2040/dcd_rp2040.c.obj
                0x0000000010004748                dcd_edpt_open
 .text.dcd_edpt_close_all
                0x0000000010004850        0x8 CMakeFiles/pico_wifi_example.dir/home/sets/pico-sdk/lib/tinyusb/src/portable/raspberrypi/rp2040/dcd_rp2040.c.obj
                0x0000000010004850                dcd_edpt_close_all
 .text.dcd_edpt_xfer
                0x0000000010004858       0x24 CMakeFiles/pico_wifi_example.dir/home/sets/pico-sdk/lib/tinyusb/src/portable/raspberrypi/rp2040/dcd_rp2040.c.obj
                0x0000000010004858                dcd_edpt_xfer
 .text.dcd_edpt_stall
                0x000000001000487c       0x38 CMakeFiles/pico_wifi_example.dir/home/sets/pico-sdk/lib/tinyusb/src/portable/raspberrypi/rp2040/dcd_rp2040.c.obj
                0x000000001000487c                dcd_edpt_stall
 .text.dcd_edpt_clear_stall
                0x00000000100048b4       0x30 CMakeFiles/pico_wifi_example.dir/home/sets/pico-sdk/lib/tinyusb/src/portable/raspberrypi/rp2040/dcd_rp2040.c.obj
                0x00000000100048b4                dcd_edpt_clear_stall
 .text.rp2040_usb_init
                0x00000000100048e4       0x40 CMakeFiles/pico_wifi_example.dir/home/sets/pico-sdk/lib/tinyusb/src/portable/raspberrypi/rp2040/rp2040_usb.c.obj
                0x00000000100048e4                rp2040_usb_init
 .text.hw_endpoint_xfer_start
                0x0000000010004924       0x50 CMakeFiles/pico_wifi_example.dir/home/sets/pico-sdk/lib/tinyusb/src/portable/raspberrypi/rp2040/rp2040_usb.c.obj
                0x0000000010004924                hw_endpoint_xfer_start
 .text.tud_event_hook_cb
                0x0000000010004974        0x4 CMakeFiles/pico_wifi_example.dir/home/sets/pico-sdk/lib/tinyusb/src/device/usbd.c.obj
                0x0000000010004974                tud_event_hook_cb
 .text.tud_sof_cb
                0x0000000010004978        0x4 CMakeFiles/pico_wifi_example.dir/home/sets/pico-sdk/lib/tinyusb/src/device/usbd.c.obj
                0x0000000010004978                tud_sof_cb
 .text.tud_descriptor_device_qualifier_cb
                0x000000001000497c        0x4 CMakeFiles/pico_wifi_example.dir/home/sets/pico-sdk/lib/tinyusb/src/device/usbd.c.obj
                0x000000001000497c                tud_descriptor_device_qualifier_cb
 .text.tud_descriptor_other_speed_configuration_cb
                0x0000000010004980        0x4 CMakeFiles/pico_wifi_example.dir/home/sets/pico-sdk/lib/tinyusb/src/device/usbd.c.obj
                0x0000000010004980                tud_descriptor_other_speed_configuration_cb
 .text.tud_mount_cb
                0x0000000010004984        0x4 CMakeFiles/pico_wifi_example.dir/home/sets/pico-sdk/lib/tinyusb/src/device/usbd.c.obj
                0x0000000010004984                tud_mount_cb
 .text.tud_umount_cb
                0x0000000010004988        0x4 CMakeFiles/pico_wifi_example.dir/home/sets/pico-sdk/lib/tinyusb/src/device/usbd.c.obj
                0x0000000010004988                tud_umount_cb
 .text.tud_suspend_cb
                0x000000001000498c        0x4 CMakeFiles/pico_wifi_example.dir/home/sets/pico-sdk/lib/tinyusb/src/device/usbd.c.obj
                0x000000001000498c                tud_suspend_cb
 .text.tud_resume_cb
                0x0000000010004990        0x4 CMakeFiles/pico_wifi_example.dir/home/sets/pico-sdk/lib/tinyusb/src/device/usbd.c.obj
                0x0000000010004990                tud_resume_cb
 .text.tud_mounted
                0x0000000010004994       0x10 CMakeFiles/pico_wifi_example.dir/home/sets/pico-sdk/lib/tinyusb/src/device/usbd.c.obj
                0x0000000010004994                tud_mounted
 .text.tud_suspended
                0x00000000100049a4       0x10 CMakeFiles/pico_wifi_example.dir/home/sets/pico-sdk/lib/tinyusb/src/device/usbd.c.obj
                0x00000000100049a4                tud_suspended
 .text.tud_init
                0x00000000100049b4       0xe4 CMakeFiles/pico_wifi_example.dir/home/sets/pico-sdk/lib/tinyusb/src/device/usbd.c.obj
                0x00000000100049b4                tud_init
 .text.tud_task_ext
                0x0000000010004a98      0x800 CMakeFiles/pico_wifi_example.dir/home/sets/pico-sdk/lib/tinyusb/src/device/usbd.c.obj
                0x0000000010004a98                tud_task_ext
 .text.usbd_open_edpt_pair
                0x0000000010005298       0x9c CMakeFiles/pico_wifi_example.dir/home/sets/pico-sdk/lib/tinyusb/src/device/usbd.c.obj
                0x0000000010005298                usbd_open_edpt_pair
 .text.usbd_edpt_open
                0x0000000010005334       0x34 CMakeFiles/pico_wifi_example.dir/home/sets/pico-sdk/lib/tinyusb/src/device/usbd.c.obj
                0x0000000010005334                usbd_edpt_open
 .text.usbd_edpt_claim
                0x0000000010005368       0x28 CMakeFiles/pico_wifi_example.dir/home/sets/pico-sdk/lib/tinyusb/src/device/usbd.c.obj
                0x0000000010005368                usbd_edpt_claim
 .text.usbd_edpt_release
                0x0000000010005390       0x28 CMakeFiles/pico_wifi_example.dir/home/sets/pico-sdk/lib/tinyusb/src/device/usbd.c.obj
                0x0000000010005390                usbd_edpt_release
 .text.usbd_edpt_xfer
                0x00000000100053b8       0x4c CMakeFiles/pico_wifi_example.dir/home/sets/pico-sdk/lib/tinyusb/src/device/usbd.c.obj
                0x00000000100053b8                usbd_edpt_xfer
 .text.tud_control_status
                0x0000000010005404       0x30 CMakeFiles/pico_wifi_example.dir/home/sets/pico-sdk/lib/tinyusb/src/device/usbd_control.c.obj
                0x0000000010005404                tud_control_status
 .text.tud_control_xfer
                0x0000000010005434       0xbc CMakeFiles/pico_wifi_example.dir/home/sets/pico-sdk/lib/tinyusb/src/device/usbd_control.c.obj
                0x0000000010005434                tud_control_xfer
 .text.usbd_control_reset
                0x00000000100054f0       0x14 CMakeFiles/pico_wifi_example.dir/home/sets/pico-sdk/lib/tinyusb/src/device/usbd_control.c.obj
                0x00000000100054f0                usbd_control_reset
 .text.usbd_control_set_complete_callback
                0x0000000010005504        0xc CMakeFiles/pico_wifi_example.dir/home/sets/pico-sdk/lib/tinyusb/src/device/usbd_control.c.obj
                0x0000000010005504                usbd_control_set_complete_callback
 .text.usbd_control_set_request
                0x0000000010005510       0x1c CMakeFiles/pico_wifi_example.dir/home/sets/pico-sdk/lib/tinyusb/src/device/usbd_control.c.obj
                0x0000000010005510                usbd_control_set_request
 .text.usbd_control_xfer_cb
                0x000000001000552c       0xf0 CMakeFiles/pico_wifi_example.dir/home/sets/pico-sdk/lib/tinyusb/src/device/usbd_control.c.obj
                0x000000001000552c                usbd_control_xfer_cb
 .text._prep_out_transaction.isra.0
                0x000000001000561c       0x5c CMakeFiles/pico_wifi_example.dir/home/sets/pico-sdk/lib/tinyusb/src/class/cdc/cdc_device.c.obj
 .text.tud_cdc_n_connected
                0x0000000010005678       0x30 CMakeFiles/pico_wifi_example.dir/home/sets/pico-sdk/lib/tinyusb/src/class/cdc/cdc_device.c.obj
                0x0000000010005678                tud_cdc_n_connected
 .text.tud_cdc_n_available
                0x00000000100056a8       0x18 CMakeFiles/pico_wifi_example.dir/home/sets/pico-sdk/lib/tinyusb/src/class/cdc/cdc_device.c.obj
                0x00000000100056a8                tud_cdc_n_available
 .text.tud_cdc_n_read
                0x00000000100056c0       0x98 CMakeFiles/pico_wifi_example.dir/home/sets/pico-sdk/lib/tinyusb/src/class/cdc/cdc_device.c.obj
                0x00000000100056c0                tud_cdc_n_read
 .text.tud_cdc_n_write_flush
                0x0000000010005758       0x78 CMakeFiles/pico_wifi_example.dir/home/sets/pico-sdk/lib/tinyusb/src/class/cdc/cdc_device.c.obj
                0x0000000010005758                tud_cdc_n_write_flush
 .text.tud_cdc_n_write
                0x00000000100057d0       0x44 CMakeFiles/pico_wifi_example.dir/home/sets/pico-sdk/lib/tinyusb/src/class/cdc/cdc_device.c.obj
                0x00000000100057d0                tud_cdc_n_write
 .text.tud_cdc_n_write_available
                0x0000000010005814       0x18 CMakeFiles/pico_wifi_example.dir/home/sets/pico-sdk/lib/tinyusb/src/class/cdc/cdc_device.c.obj
                0x0000000010005814                tud_cdc_n_write_available
 .text.cdcd_init
                0x000000001000582c       0x7c CMakeFiles/pico_wifi_example.dir/home/sets/pico-sdk/lib/tinyusb/src/class/cdc/cdc_device.c.obj
                0x000000001000582c                cdcd_init
 .text.cdcd_deinit
                0x00000000100058a8       0x24 CMakeFiles/pico_wifi_example.dir/home/sets/pico-sdk/lib/tinyusb/src/class/cdc/cdc_device.c.obj
                0x00000000100058a8                cdcd_deinit
 .text.cdcd_reset
                0x00000000100058cc       0x4c CMakeFiles/pico_wifi_example.dir/home/sets/pico-sdk/lib/tinyusb/src/class/cdc/cdc_device.c.obj
                0x00000000100058cc                cdcd_reset
 .text.cdcd_open
                0x0000000010005918       0xb4 CMakeFiles/pico_wifi_example.dir/home/sets/pico-sdk/lib/tinyusb/src/class/cdc/cdc_device.c.obj
                0x0000000010005918                cdcd_open
 .text.cdcd_control_xfer_cb
                0x00000000100059cc       0xe4 CMakeFiles/pico_wifi_example.dir/home/sets/pico-sdk/lib/tinyusb/src/class/cdc/cdc_device.c.obj
                0x00000000100059cc                cdcd_control_xfer_cb
 .text.cdcd_xfer_cb
                0x0000000010005ab0       0xfc CMakeFiles/pico_wifi_example.dir/home/sets/pico-sdk/lib/tinyusb/src/class/cdc/cdc_device.c.obj
                0x0000000010005ab0                cdcd_xfer_cb
 .text.tud_vendor_n_write_flush
                0x0000000010005bac       0x78 CMakeFiles/pico_wifi_example.dir/home/sets/pico-sdk/lib/tinyusb/src/class/vendor/vendor_device.c.obj
                0x0000000010005bac                tud_vendor_n_write_flush
 .text.vendord_init
                0x0000000010005c24       0x64 CMakeFiles/pico_wifi_example.dir/home/sets/pico-sdk/lib/tinyusb/src/class/vendor/vendor_device.c.obj
                0x0000000010005c24                vendord_init
 .text.vendord_deinit
                0x0000000010005c88       0x24 CMakeFiles/pico_wifi_example.dir/home/sets/pico-sdk/lib/tinyusb/src/class/vendor/vendor_device.c.obj
                0x0000000010005c88                vendord_deinit
 .text.vendord_reset
                0x0000000010005cac       0x1c CMakeFiles/pico_wifi_example.dir/home/sets/pico-sdk/lib/tinyusb/src/class/vendor/vendor_device.c.obj
                0x0000000010005cac                vendord_reset
 .text.vendord_open
                0x0000000010005cc8       0xc8 CMakeFiles/pico_wifi_example.dir/home/sets/pico-sdk/lib/tinyusb/src/class/vendor/vendor_device.c.obj
                0x0000000010005cc8                vendord_open
 .text.vendord_xfer_cb
                0x0000000010005d90       0xc8 CMakeFiles/pico_wifi_example.dir/home/sets/pico-sdk/lib/tinyusb/src/class/vendor/vendor_device.c.obj
                0x0000000010005d90                vendord_xfer_cb
 .text.tusb_init
                0x0000000010005e58        0xc CMakeFiles/pico_wifi_example.dir/home/sets/pico-sdk/lib/tinyusb/src/tusb.c.obj
                0x0000000010005e58                tusb_init
 .text.tu_edpt_claim
                0x0000000010005e64       0x50 CMakeFiles/pico_wifi_example.dir/home/sets/pico-sdk/lib/tinyusb/src/tusb.c.obj
                0x0000000010005e64                tu_edpt_claim
 .text.tu_edpt_release
                0x0000000010005eb4       0x38 CMakeFiles/pico_wifi_example.dir/home/sets/pico-sdk/lib/tinyusb/src/tusb.c.obj
                0x0000000010005eb4                tu_edpt_release
 .text.tu_edpt_validate
                0x0000000010005eec       0x78 CMakeFiles/pico_wifi_example.dir/home/sets/pico-sdk/lib/tinyusb/src/tusb.c.obj
                0x0000000010005eec                tu_edpt_validate
 .text.tu_edpt_bind_driver
                0x0000000010005f64       0x34 CMakeFiles/pico_wifi_example.dir/home/sets/pico-sdk/lib/tinyusb/src/tusb.c.obj
                0x0000000010005f64                tu_edpt_bind_driver
 .text.tu_fifo_config
                0x0000000010005f98       0x70 CMakeFiles/pico_wifi_example.dir/home/sets/pico-sdk/lib/tinyusb/src/common/tusb_fifo.c.obj
                0x0000000010005f98                tu_fifo_config
 .text.tu_fifo_count
                0x0000000010006008       0x2c CMakeFiles/pico_wifi_example.dir/home/sets/pico-sdk/lib/tinyusb/src/common/tusb_fifo.c.obj
                0x0000000010006008                tu_fifo_count
 .text.tu_fifo_empty
                0x0000000010006034       0x10 CMakeFiles/pico_wifi_example.dir/home/sets/pico-sdk/lib/tinyusb/src/common/tusb_fifo.c.obj
                0x0000000010006034                tu_fifo_empty
 .text.tu_fifo_remaining
                0x0000000010006044       0x2c CMakeFiles/pico_wifi_example.dir/home/sets/pico-sdk/lib/tinyusb/src/common/tusb_fifo.c.obj
                0x0000000010006044                tu_fifo_remaining
 .text.tu_fifo_read
                0x0000000010006070       0xa0 CMakeFiles/pico_wifi_example.dir/home/sets/pico-sdk/lib/tinyusb/src/common/tusb_fifo.c.obj
                0x0000000010006070                tu_fifo_read
 .text.tu_fifo_read_n
                0x0000000010006110       0xec CMakeFiles/pico_wifi_example.dir/home/sets/pico-sdk/lib/tinyusb/src/common/tusb_fifo.c.obj
                0x0000000010006110                tu_fifo_read_n
 .text.tu_fifo_write
                0x00000000100061fc       0x88 CMakeFiles/pico_wifi_example.dir/home/sets/pico-sdk/lib/tinyusb/src/common/tusb_fifo.c.obj
                0x00000000100061fc                tu_fifo_write
 .text.tu_fifo_write_n
                0x0000000010006284      0x168 CMakeFiles/pico_wifi_example.dir/home/sets/pico-sdk/lib/tinyusb/src/common/tusb_fifo.c.obj
                0x0000000010006284                tu_fifo_write_n
 .text.tu_fifo_clear
                0x00000000100063ec       0x40 CMakeFiles/pico_wifi_example.dir/home/sets/pico-sdk/lib/tinyusb/src/common/tusb_fifo.c.obj
                0x00000000100063ec                tu_fifo_clear
 .text.tu_fifo_set_overwritable
                0x000000001000642c       0x48 CMakeFiles/pico_wifi_example.dir/home/sets/pico-sdk/lib/tinyusb/src/common/tusb_fifo.c.obj
                0x000000001000642c                tu_fifo_set_overwritable
 .text.lwip_timeout_reached
                0x0000000010006474        0x8 CMakeFiles/pico_wifi_example.dir/home/sets/pico-sdk/src/rp2_common/pico_lwip/lwip_nosys.c.obj
 .text.update_next_timeout
                0x000000001000647c       0x6c CMakeFiles/pico_wifi_example.dir/home/sets/pico-sdk/src/rp2_common/pico_lwip/lwip_nosys.c.obj
 .text.lwip_nosys_init
                0x00000000100064e8       0x30 CMakeFiles/pico_wifi_example.dir/home/sets/pico-sdk/src/rp2_common/pico_lwip/lwip_nosys.c.obj
                0x00000000100064e8                lwip_nosys_init
 .text.lwip_nosys_deinit
                0x0000000010006518       0x20 CMakeFiles/pico_wifi_example.dir/home/sets/pico-sdk/src/rp2_common/pico_lwip/lwip_nosys.c.obj
                0x0000000010006518                lwip_nosys_deinit
 .text.sys_arch_protect
                0x0000000010006538        0x4 CMakeFiles/pico_wifi_example.dir/home/sets/pico-sdk/src/rp2_common/pico_lwip/lwip_nosys.c.obj
                0x0000000010006538                sys_arch_protect
 .text.sys_arch_unprotect
                0x000000001000653c        0x4 CMakeFiles/pico_wifi_example.dir/home/sets/pico-sdk/src/rp2_common/pico_lwip/lwip_nosys.c.obj
                0x000000001000653c                sys_arch_unprotect
 .text.sys_now  0x0000000010006540       0x20 CMakeFiles/pico_wifi_example.dir/home/sets/pico-sdk/src/rp2_common/pico_lwip/lwip_nosys.c.obj
                0x0000000010006540                sys_now
 .text.async_context_base_add_at_time_worker
                0x0000000010006560       0x28 CMakeFiles/pico_wifi_example.dir/home/sets/pico-sdk/src/rp2_common/pico_async_context/async_context_base.c.obj
                0x0000000010006560                async_context_base_add_at_time_worker
 .text.async_context_base_remove_at_time_worker
                0x0000000010006588       0x28 CMakeFiles/pico_wifi_example.dir/home/sets/pico-sdk/src/rp2_common/pico_async_context/async_context_base.c.obj
                0x0000000010006588                async_context_base_remove_at_time_worker
 .text.async_context_base_add_when_pending_worker
                0x00000000100065b0       0x24 CMakeFiles/pico_wifi_example.dir/home/sets/pico-sdk/src/rp2_common/pico_async_context/async_context_base.c.obj
                0x00000000100065b0                async_context_base_add_when_pending_worker
 .text.async_context_base_remove_when_pending_worker
                0x00000000100065d4       0x28 CMakeFiles/pico_wifi_example.dir/home/sets/pico-sdk/src/rp2_common/pico_async_context/async_context_base.c.obj
                0x00000000100065d4                async_context_base_remove_when_pending_worker
 .text.async_context_base_execute_once
                0x00000000100065fc       0xe8 CMakeFiles/pico_wifi_example.dir/home/sets/pico-sdk/src/rp2_common/pico_async_context/async_context_base.c.obj
                0x00000000100065fc                async_context_base_execute_once
 .text.splitmix64
                0x00000000100066e4       0x5c CMakeFiles/pico_wifi_example.dir/home/sets/pico-sdk/src/rp2_common/pico_rand/rand.c.obj
 .text.xoroshiro128ss
                0x0000000010006740       0x90 CMakeFiles/pico_wifi_example.dir/home/sets/pico-sdk/src/rp2_common/pico_rand/rand.c.obj
 .text.get_rand_64
                0x00000000100067d0      0x418 CMakeFiles/pico_wifi_example.dir/home/sets/pico-sdk/src/rp2_common/pico_rand/rand.c.obj
                0x00000000100067d0                get_rand_64
 .text.get_rand_32
                0x0000000010006be8        0x8 CMakeFiles/pico_wifi_example.dir/home/sets/pico-sdk/src/rp2_common/pico_rand/rand.c.obj
                0x0000000010006be8                get_rand_32
 .text.lwip_init
                0x0000000010006bf0       0x24 CMakeFiles/pico_wifi_example.dir/home/sets/pico-sdk/lib/lwip/src/core/init.c.obj
                0x0000000010006bf0                lwip_init
 .text.lwip_htons
                0x0000000010006c14        0x8 CMakeFiles/pico_wifi_example.dir/home/sets/pico-sdk/lib/lwip/src/core/def.c.obj
                0x0000000010006c14                lwip_htons
 .text.lwip_htonl
                0x0000000010006c1c        0x4 CMakeFiles/pico_wifi_example.dir/home/sets/pico-sdk/lib/lwip/src/core/def.c.obj
                0x0000000010006c1c                lwip_htonl
 .text.dns_call_found
                0x0000000010006c20      0x134 CMakeFiles/pico_wifi_example.dir/home/sets/pico-sdk/lib/lwip/src/core/dns.c.obj
 .text.dns_send.isra.0
                0x0000000010006d54      0x168 CMakeFiles/pico_wifi_example.dir/home/sets/pico-sdk/lib/lwip/src/core/dns.c.obj
 .text.dns_init
                0x0000000010006ebc        0x4 CMakeFiles/pico_wifi_example.dir/home/sets/pico-sdk/lib/lwip/src/core/dns.c.obj
                0x0000000010006ebc                dns_init
 .text.dns_setserver
                0x0000000010006ec0       0x2c CMakeFiles/pico_wifi_example.dir/home/sets/pico-sdk/lib/lwip/src/core/dns.c.obj
                0x0000000010006ec0                dns_setserver
 .text.dns_tmr  0x0000000010006eec      0x138 CMakeFiles/pico_wifi_example.dir/home/sets/pico-sdk/lib/lwip/src/core/dns.c.obj
                0x0000000010006eec                dns_tmr
 .text.lwip_standard_chksum
                0x0000000010007024       0xd8 CMakeFiles/pico_wifi_example.dir/home/sets/pico-sdk/lib/lwip/src/core/inet_chksum.c.obj
                0x0000000010007024                lwip_standard_chksum
 .text.inet_chksum_pseudo
                0x00000000100070fc       0xb4 CMakeFiles/pico_wifi_example.dir/home/sets/pico-sdk/lib/lwip/src/core/inet_chksum.c.obj
                0x00000000100070fc                inet_chksum_pseudo
 .text.ip_chksum_pseudo
                0x00000000100071b0       0x10 CMakeFiles/pico_wifi_example.dir/home/sets/pico-sdk/lib/lwip/src/core/inet_chksum.c.obj
                0x00000000100071b0                ip_chksum_pseudo
 .text.inet_chksum
                0x00000000100071c0        0xc CMakeFiles/pico_wifi_example.dir/home/sets/pico-sdk/lib/lwip/src/core/inet_chksum.c.obj
                0x00000000100071c0                inet_chksum
 .text.inet_chksum_pbuf
                0x00000000100071cc       0x6c CMakeFiles/pico_wifi_example.dir/home/sets/pico-sdk/lib/lwip/src/core/inet_chksum.c.obj
                0x00000000100071cc                inet_chksum_pbuf
 .text.mem_init
                0x0000000010007238       0x40 CMakeFiles/pico_wifi_example.dir/home/sets/pico-sdk/lib/lwip/src/core/mem.c.obj
                0x0000000010007238                mem_init
 .text.mem_free
                0x0000000010007278      0x11c CMakeFiles/pico_wifi_example.dir/home/sets/pico-sdk/lib/lwip/src/core/mem.c.obj
                0x0000000010007278                mem_free
 .text.mem_trim
                0x0000000010007394      0x110 CMakeFiles/pico_wifi_example.dir/home/sets/pico-sdk/lib/lwip/src/core/mem.c.obj
                0x0000000010007394                mem_trim
 .text.mem_malloc
                0x00000000100074a4      0x120 CMakeFiles/pico_wifi_example.dir/home/sets/pico-sdk/lib/lwip/src/core/mem.c.obj
                0x00000000100074a4                mem_malloc
 .text.memp_init
                0x00000000100075c4       0x6c CMakeFiles/pico_wifi_example.dir/home/sets/pico-sdk/lib/lwip/src/core/memp.c.obj
                0x00000000100075c4                memp_init
 .text.memp_malloc
                0x0000000010007630       0x3c CMakeFiles/pico_wifi_example.dir/home/sets/pico-sdk/lib/lwip/src/core/memp.c.obj
                0x0000000010007630                memp_malloc
 .text.memp_free
                0x000000001000766c       0x38 CMakeFiles/pico_wifi_example.dir/home/sets/pico-sdk/lib/lwip/src/core/memp.c.obj
                0x000000001000766c                memp_free
 .text.netif_null_output_ip4
                0x00000000100076a4        0x8 CMakeFiles/pico_wifi_example.dir/home/sets/pico-sdk/lib/lwip/src/core/netif.c.obj
 .text.netif_do_set_ipaddr.isra.0
                0x00000000100076ac       0x70 CMakeFiles/pico_wifi_example.dir/home/sets/pico-sdk/lib/lwip/src/core/netif.c.obj
 .text.netif_init
                0x000000001000771c        0x4 CMakeFiles/pico_wifi_example.dir/home/sets/pico-sdk/lib/lwip/src/core/netif.c.obj
                0x000000001000771c                netif_init
 .text.netif_add
                0x0000000010007720      0x144 CMakeFiles/pico_wifi_example.dir/home/sets/pico-sdk/lib/lwip/src/core/netif.c.obj
                0x0000000010007720                netif_add
 .text.netif_set_addr
                0x0000000010007864       0xb8 CMakeFiles/pico_wifi_example.dir/home/sets/pico-sdk/lib/lwip/src/core/netif.c.obj
                0x0000000010007864                netif_set_addr
 .text.netif_remove
                0x000000001000791c       0x94 CMakeFiles/pico_wifi_example.dir/home/sets/pico-sdk/lib/lwip/src/core/netif.c.obj
                0x000000001000791c                netif_remove
 .text.netif_set_default
                0x00000000100079b0        0xc CMakeFiles/pico_wifi_example.dir/home/sets/pico-sdk/lib/lwip/src/core/netif.c.obj
                0x00000000100079b0                netif_set_default
 .text.netif_set_up
                0x00000000100079bc       0x40 CMakeFiles/pico_wifi_example.dir/home/sets/pico-sdk/lib/lwip/src/core/netif.c.obj
                0x00000000100079bc                netif_set_up
 .text.netif_set_link_up
                0x00000000100079fc       0x44 CMakeFiles/pico_wifi_example.dir/home/sets/pico-sdk/lib/lwip/src/core/netif.c.obj
                0x00000000100079fc                netif_set_link_up
 .text.netif_set_link_down
                0x0000000010007a40       0x20 CMakeFiles/pico_wifi_example.dir/home/sets/pico-sdk/lib/lwip/src/core/netif.c.obj
                0x0000000010007a40                netif_set_link_down
 .text.netif_get_by_index
                0x0000000010007a60       0x2c CMakeFiles/pico_wifi_example.dir/home/sets/pico-sdk/lib/lwip/src/core/netif.c.obj
                0x0000000010007a60                netif_get_by_index
 .text.pbuf_free.part.0
                0x0000000010007a8c       0x7c CMakeFiles/pico_wifi_example.dir/home/sets/pico-sdk/lib/lwip/src/core/pbuf.c.obj
 .text.pbuf_free_ooseq
                0x0000000010007b08       0x34 CMakeFiles/pico_wifi_example.dir/home/sets/pico-sdk/lib/lwip/src/core/pbuf.c.obj
                0x0000000010007b08                pbuf_free_ooseq
 .text.pbuf_alloc
                0x0000000010007b3c      0x130 CMakeFiles/pico_wifi_example.dir/home/sets/pico-sdk/lib/lwip/src/core/pbuf.c.obj
                0x0000000010007b3c                pbuf_alloc
 .text.pbuf_realloc
                0x0000000010007c6c       0x88 CMakeFiles/pico_wifi_example.dir/home/sets/pico-sdk/lib/lwip/src/core/pbuf.c.obj
                0x0000000010007c6c                pbuf_realloc
 .text.pbuf_add_header
                0x0000000010007cf4       0x54 CMakeFiles/pico_wifi_example.dir/home/sets/pico-sdk/lib/lwip/src/core/pbuf.c.obj
                0x0000000010007cf4                pbuf_add_header
 .text.pbuf_remove_header
                0x0000000010007d48       0x44 CMakeFiles/pico_wifi_example.dir/home/sets/pico-sdk/lib/lwip/src/core/pbuf.c.obj
                0x0000000010007d48                pbuf_remove_header
 .text.pbuf_header_force
                0x0000000010007d8c       0x74 CMakeFiles/pico_wifi_example.dir/home/sets/pico-sdk/lib/lwip/src/core/pbuf.c.obj
                0x0000000010007d8c                pbuf_header_force
 .text.pbuf_free
                0x0000000010007e00       0x18 CMakeFiles/pico_wifi_example.dir/home/sets/pico-sdk/lib/lwip/src/core/pbuf.c.obj
                0x0000000010007e00                pbuf_free
 .text.pbuf_clen
                0x0000000010007e18       0x14 CMakeFiles/pico_wifi_example.dir/home/sets/pico-sdk/lib/lwip/src/core/pbuf.c.obj
                0x0000000010007e18                pbuf_clen
 .text.pbuf_ref
                0x0000000010007e2c       0x28 CMakeFiles/pico_wifi_example.dir/home/sets/pico-sdk/lib/lwip/src/core/pbuf.c.obj
                0x0000000010007e2c                pbuf_ref
 .text.pbuf_cat
                0x0000000010007e54       0x3c CMakeFiles/pico_wifi_example.dir/home/sets/pico-sdk/lib/lwip/src/core/pbuf.c.obj
                0x0000000010007e54                pbuf_cat
 .text.pbuf_chain
                0x0000000010007e90       0x64 CMakeFiles/pico_wifi_example.dir/home/sets/pico-sdk/lib/lwip/src/core/pbuf.c.obj
                0x0000000010007e90                pbuf_chain
 .text.pbuf_copy_partial_pbuf
                0x0000000010007ef4      0x13c CMakeFiles/pico_wifi_example.dir/home/sets/pico-sdk/lib/lwip/src/core/pbuf.c.obj
                0x0000000010007ef4                pbuf_copy_partial_pbuf
 .text.pbuf_copy
                0x0000000010008030       0x18 CMakeFiles/pico_wifi_example.dir/home/sets/pico-sdk/lib/lwip/src/core/pbuf.c.obj
                0x0000000010008030                pbuf_copy
 .text.pbuf_copy_partial
                0x0000000010008048       0x70 CMakeFiles/pico_wifi_example.dir/home/sets/pico-sdk/lib/lwip/src/core/pbuf.c.obj
                0x0000000010008048                pbuf_copy_partial
 .text.pbuf_take
                0x00000000100080b8       0x78 CMakeFiles/pico_wifi_example.dir/home/sets/pico-sdk/lib/lwip/src/core/pbuf.c.obj
                0x00000000100080b8                pbuf_take
 .text.pbuf_take_at
                0x0000000010008130       0xc0 CMakeFiles/pico_wifi_example.dir/home/sets/pico-sdk/lib/lwip/src/core/pbuf.c.obj
                0x0000000010008130                pbuf_take_at
 .text.pbuf_clone
                0x00000000100081f0       0x30 CMakeFiles/pico_wifi_example.dir/home/sets/pico-sdk/lib/lwip/src/core/pbuf.c.obj
                0x00000000100081f0                pbuf_clone
 .text.pbuf_put_at
                0x0000000010008220       0x1c CMakeFiles/pico_wifi_example.dir/home/sets/pico-sdk/lib/lwip/src/core/pbuf.c.obj
                0x0000000010008220                pbuf_put_at
 .text.raw_input
                0x000000001000823c       0xf0 CMakeFiles/pico_wifi_example.dir/home/sets/pico-sdk/lib/lwip/src/core/raw.c.obj
                0x000000001000823c                raw_input
 .text.raw_netif_ip_addr_changed
                0x000000001000832c       0x40 CMakeFiles/pico_wifi_example.dir/home/sets/pico-sdk/lib/lwip/src/core/raw.c.obj
                0x000000001000832c                raw_netif_ip_addr_changed
 .text.stats_init
                0x000000001000836c        0x4 CMakeFiles/pico_wifi_example.dir/home/sets/pico-sdk/lib/lwip/src/core/stats.c.obj
                0x000000001000836c                stats_init
 .text.tcp_close_shutdown_fin
                0x0000000010008370       0x58 CMakeFiles/pico_wifi_example.dir/home/sets/pico-sdk/lib/lwip/src/core/tcp.c.obj
 .text.tcp_pcb_purge.part.0
                0x00000000100083c8       0xc4 CMakeFiles/pico_wifi_example.dir/home/sets/pico-sdk/lib/lwip/src/core/tcp.c.obj
 .text.tcp_init
                0x000000001000848c       0x20 CMakeFiles/pico_wifi_example.dir/home/sets/pico-sdk/lib/lwip/src/core/tcp.c.obj
                0x000000001000848c                tcp_init
 .text.tcp_free
                0x00000000100084ac       0x1c CMakeFiles/pico_wifi_example.dir/home/sets/pico-sdk/lib/lwip/src/core/tcp.c.obj
                0x00000000100084ac                tcp_free
 .text.tcp_update_rcv_ann_wnd
                0x00000000100084c8       0x60 CMakeFiles/pico_wifi_example.dir/home/sets/pico-sdk/lib/lwip/src/core/tcp.c.obj
                0x00000000100084c8                tcp_update_rcv_ann_wnd
 .text.tcp_recved
                0x0000000010008528       0x98 CMakeFiles/pico_wifi_example.dir/home/sets/pico-sdk/lib/lwip/src/core/tcp.c.obj
                0x0000000010008528                tcp_recved
 .text.tcp_slowtmr
                0x00000000100085c0      0x4dc CMakeFiles/pico_wifi_example.dir/home/sets/pico-sdk/lib/lwip/src/core/tcp.c.obj
                0x00000000100085c0                tcp_slowtmr
 .text.tcp_segs_free
                0x0000000010008a9c       0x38 CMakeFiles/pico_wifi_example.dir/home/sets/pico-sdk/lib/lwip/src/core/tcp.c.obj
                0x0000000010008a9c                tcp_segs_free
 .text.tcp_seg_free
                0x0000000010008ad4       0x1c CMakeFiles/pico_wifi_example.dir/home/sets/pico-sdk/lib/lwip/src/core/tcp.c.obj
                0x0000000010008ad4                tcp_seg_free
 .text.tcp_seg_copy
                0x0000000010008af0       0x2c CMakeFiles/pico_wifi_example.dir/home/sets/pico-sdk/lib/lwip/src/core/tcp.c.obj
                0x0000000010008af0                tcp_seg_copy
 .text.tcp_pcb_purge
                0x0000000010008b1c       0x18 CMakeFiles/pico_wifi_example.dir/home/sets/pico-sdk/lib/lwip/src/core/tcp.c.obj
                0x0000000010008b1c                tcp_pcb_purge
 .text.tcp_pcb_remove
                0x0000000010008b34       0xc8 CMakeFiles/pico_wifi_example.dir/home/sets/pico-sdk/lib/lwip/src/core/tcp.c.obj
                0x0000000010008b34                tcp_pcb_remove
 .text.tcp_abandon
                0x0000000010008bfc      0x1ac CMakeFiles/pico_wifi_example.dir/home/sets/pico-sdk/lib/lwip/src/core/tcp.c.obj
                0x0000000010008bfc                tcp_abandon
 .text.tcp_abort
                0x0000000010008da8        0xc CMakeFiles/pico_wifi_example.dir/home/sets/pico-sdk/lib/lwip/src/core/tcp.c.obj
                0x0000000010008da8                tcp_abort
 .text.tcp_alloc
                0x0000000010008db4      0x1cc CMakeFiles/pico_wifi_example.dir/home/sets/pico-sdk/lib/lwip/src/core/tcp.c.obj
                0x0000000010008db4                tcp_alloc
 .text.tcp_close_shutdown
                0x0000000010008f80      0x18c CMakeFiles/pico_wifi_example.dir/home/sets/pico-sdk/lib/lwip/src/core/tcp.c.obj
 .text.tcp_recv_null
                0x000000001000910c       0xd4 CMakeFiles/pico_wifi_example.dir/home/sets/pico-sdk/lib/lwip/src/core/tcp.c.obj
                0x000000001000910c                tcp_recv_null
 .text.tcp_process_refused_data
                0x00000000100091e0       0x78 CMakeFiles/pico_wifi_example.dir/home/sets/pico-sdk/lib/lwip/src/core/tcp.c.obj
                0x00000000100091e0                tcp_process_refused_data
 .text.tcp_fasttmr
                0x0000000010009258       0x98 CMakeFiles/pico_wifi_example.dir/home/sets/pico-sdk/lib/lwip/src/core/tcp.c.obj
                0x0000000010009258                tcp_fasttmr
 .text.tcp_tmr  0x00000000100092f0       0x20 CMakeFiles/pico_wifi_example.dir/home/sets/pico-sdk/lib/lwip/src/core/tcp.c.obj
                0x00000000100092f0                tcp_tmr
 .text.tcp_next_iss
                0x0000000010009310       0x28 CMakeFiles/pico_wifi_example.dir/home/sets/pico-sdk/lib/lwip/src/core/tcp.c.obj
                0x0000000010009310                tcp_next_iss
 .text.tcp_eff_send_mss_netif
                0x0000000010009338       0x38 CMakeFiles/pico_wifi_example.dir/home/sets/pico-sdk/lib/lwip/src/core/tcp.c.obj
                0x0000000010009338                tcp_eff_send_mss_netif
 .text.tcp_netif_ip_addr_changed
                0x0000000010009370       0x9c CMakeFiles/pico_wifi_example.dir/home/sets/pico-sdk/lib/lwip/src/core/tcp.c.obj
                0x0000000010009370                tcp_netif_ip_addr_changed
 .text.tcp_free_ooseq
                0x000000001000940c       0x40 CMakeFiles/pico_wifi_example.dir/home/sets/pico-sdk/lib/lwip/src/core/tcp.c.obj
                0x000000001000940c                tcp_free_ooseq
 .text.tcp_parseopt
                0x000000001000944c      0x190 CMakeFiles/pico_wifi_example.dir/home/sets/pico-sdk/lib/lwip/src/core/tcp_in.c.obj
 .text.tcp_oos_insert_segment
                0x00000000100095dc       0xe0 CMakeFiles/pico_wifi_example.dir/home/sets/pico-sdk/lib/lwip/src/core/tcp_in.c.obj
 .text.tcp_free_acked_segments.constprop.0
                0x00000000100096bc       0xdc CMakeFiles/pico_wifi_example.dir/home/sets/pico-sdk/lib/lwip/src/core/tcp_in.c.obj
 .text.tcp_receive
                0x0000000010009798      0xa4c CMakeFiles/pico_wifi_example.dir/home/sets/pico-sdk/lib/lwip/src/core/tcp_in.c.obj
 .text.tcp_input
                0x000000001000a1e4      0xda4 CMakeFiles/pico_wifi_example.dir/home/sets/pico-sdk/lib/lwip/src/core/tcp_in.c.obj
                0x000000001000a1e4                tcp_input
 .text.tcp_trigger_input_pcb_close
                0x000000001000af88       0x10 CMakeFiles/pico_wifi_example.dir/home/sets/pico-sdk/lib/lwip/src/core/tcp_in.c.obj
                0x000000001000af88                tcp_trigger_input_pcb_close
 .text.tcp_create_segment
                0x000000001000af98       0xf8 CMakeFiles/pico_wifi_example.dir/home/sets/pico-sdk/lib/lwip/src/core/tcp_out.c.obj
 .text.tcp_output_control_segment
                0x000000001000b090       0xc0 CMakeFiles/pico_wifi_example.dir/home/sets/pico-sdk/lib/lwip/src/core/tcp_out.c.obj
 .text.tcp_output_alloc_header.constprop.0
                0x000000001000b150       0xcc CMakeFiles/pico_wifi_example.dir/home/sets/pico-sdk/lib/lwip/src/core/tcp_out.c.obj
 .text.tcp_split_unsent_seg
                0x000000001000b21c      0x1c4 CMakeFiles/pico_wifi_example.dir/home/sets/pico-sdk/lib/lwip/src/core/tcp_out.c.obj
                0x000000001000b21c                tcp_split_unsent_seg
 .text.tcp_send_fin
                0x000000001000b3e0      0x12c CMakeFiles/pico_wifi_example.dir/home/sets/pico-sdk/lib/lwip/src/core/tcp_out.c.obj
                0x000000001000b3e0                tcp_send_fin
 .text.tcp_enqueue_flags
                0x000000001000b50c      0x124 CMakeFiles/pico_wifi_example.dir/home/sets/pico-sdk/lib/lwip/src/core/tcp_out.c.obj
                0x000000001000b50c                tcp_enqueue_flags
 .text.tcp_rexmit_rto_prepare
                0x000000001000b630       0x9c CMakeFiles/pico_wifi_example.dir/home/sets/pico-sdk/lib/lwip/src/core/tcp_out.c.obj
                0x000000001000b630                tcp_rexmit_rto_prepare
 .text.tcp_rexmit
                0x000000001000b6cc       0x9c CMakeFiles/pico_wifi_example.dir/home/sets/pico-sdk/lib/lwip/src/core/tcp_out.c.obj
                0x000000001000b6cc                tcp_rexmit
 .text.tcp_rexmit_fast
                0x000000001000b768       0x64 CMakeFiles/pico_wifi_example.dir/home/sets/pico-sdk/lib/lwip/src/core/tcp_out.c.obj
                0x000000001000b768                tcp_rexmit_fast
 .text.tcp_rst  0x000000001000b7cc       0xe8 CMakeFiles/pico_wifi_example.dir/home/sets/pico-sdk/lib/lwip/src/core/tcp_out.c.obj
                0x000000001000b7cc                tcp_rst
 .text.tcp_rst_netif
                0x000000001000b8b4      0x130 CMakeFiles/pico_wifi_example.dir/home/sets/pico-sdk/lib/lwip/src/core/tcp_out.c.obj
                0x000000001000b8b4                tcp_rst_netif
 .text.tcp_send_empty_ack
                0x000000001000b9e4       0x54 CMakeFiles/pico_wifi_example.dir/home/sets/pico-sdk/lib/lwip/src/core/tcp_out.c.obj
                0x000000001000b9e4                tcp_send_empty_ack
 .text.tcp_output
                0x000000001000ba38      0x46c CMakeFiles/pico_wifi_example.dir/home/sets/pico-sdk/lib/lwip/src/core/tcp_out.c.obj
                0x000000001000ba38                tcp_output
 .text.tcp_rexmit_rto_commit
                0x000000001000bea4       0x24 CMakeFiles/pico_wifi_example.dir/home/sets/pico-sdk/lib/lwip/src/core/tcp_out.c.obj
                0x000000001000bea4                tcp_rexmit_rto_commit
 .text.tcp_rexmit_rto
                0x000000001000bec8       0xa4 CMakeFiles/pico_wifi_example.dir/home/sets/pico-sdk/lib/lwip/src/core/tcp_out.c.obj
                0x000000001000bec8                tcp_rexmit_rto
 .text.tcp_keepalive
                0x000000001000bf6c       0xe0 CMakeFiles/pico_wifi_example.dir/home/sets/pico-sdk/lib/lwip/src/core/tcp_out.c.obj
                0x000000001000bf6c                tcp_keepalive
 .text.tcp_zero_window_probe
                0x000000001000c04c      0x108 CMakeFiles/pico_wifi_example.dir/home/sets/pico-sdk/lib/lwip/src/core/tcp_out.c.obj
                0x000000001000c04c                tcp_zero_window_probe
 .text.sys_timeout_abs
                0x000000001000c154       0x48 CMakeFiles/pico_wifi_example.dir/home/sets/pico-sdk/lib/lwip/src/core/timeouts.c.obj
 .text.lwip_cyclic_timer
                0x000000001000c19c       0x38 CMakeFiles/pico_wifi_example.dir/home/sets/pico-sdk/lib/lwip/src/core/timeouts.c.obj
 .text.tcpip_tcp_timer
                0x000000001000c1d4       0x3c CMakeFiles/pico_wifi_example.dir/home/sets/pico-sdk/lib/lwip/src/core/timeouts.c.obj
 .text.tcp_timer_needed
                0x000000001000c210       0x40 CMakeFiles/pico_wifi_example.dir/home/sets/pico-sdk/lib/lwip/src/core/timeouts.c.obj
                0x000000001000c210                tcp_timer_needed
 .text.sys_timeouts_init
                0x000000001000c250       0x90 CMakeFiles/pico_wifi_example.dir/home/sets/pico-sdk/lib/lwip/src/core/timeouts.c.obj
                0x000000001000c250                sys_timeouts_init
 .text.sys_check_timeouts
                0x000000001000c2e0       0x68 CMakeFiles/pico_wifi_example.dir/home/sets/pico-sdk/lib/lwip/src/core/timeouts.c.obj
                0x000000001000c2e0                sys_check_timeouts
 .text.sys_timeouts_sleeptime
                0x000000001000c348       0x28 CMakeFiles/pico_wifi_example.dir/home/sets/pico-sdk/lib/lwip/src/core/timeouts.c.obj
                0x000000001000c348                sys_timeouts_sleeptime
 .text.udp_init
                0x000000001000c370       0x20 CMakeFiles/pico_wifi_example.dir/home/sets/pico-sdk/lib/lwip/src/core/udp.c.obj
                0x000000001000c370                udp_init
 .text.udp_input
                0x000000001000c390      0x24c CMakeFiles/pico_wifi_example.dir/home/sets/pico-sdk/lib/lwip/src/core/udp.c.obj
                0x000000001000c390                udp_input
 .text.udp_bind
                0x000000001000c5dc      0x10c CMakeFiles/pico_wifi_example.dir/home/sets/pico-sdk/lib/lwip/src/core/udp.c.obj
                0x000000001000c5dc                udp_bind
 .text.udp_sendto_if_src
                0x000000001000c6e8      0x130 CMakeFiles/pico_wifi_example.dir/home/sets/pico-sdk/lib/lwip/src/core/udp.c.obj
                0x000000001000c6e8                udp_sendto_if_src
 .text.udp_sendto_if
                0x000000001000c818       0x48 CMakeFiles/pico_wifi_example.dir/home/sets/pico-sdk/lib/lwip/src/core/udp.c.obj
                0x000000001000c818                udp_sendto_if
 .text.udp_sendto
                0x000000001000c860       0x7c CMakeFiles/pico_wifi_example.dir/home/sets/pico-sdk/lib/lwip/src/core/udp.c.obj
                0x000000001000c860                udp_sendto
 .text.udp_connect
                0x000000001000c8dc       0x64 CMakeFiles/pico_wifi_example.dir/home/sets/pico-sdk/lib/lwip/src/core/udp.c.obj
                0x000000001000c8dc                udp_connect
 .text.udp_recv
                0x000000001000c940        0xc CMakeFiles/pico_wifi_example.dir/home/sets/pico-sdk/lib/lwip/src/core/udp.c.obj
                0x000000001000c940                udp_recv
 .text.udp_remove
                0x000000001000c94c       0x3c CMakeFiles/pico_wifi_example.dir/home/sets/pico-sdk/lib/lwip/src/core/udp.c.obj
                0x000000001000c94c                udp_remove
 .text.udp_new  0x000000001000c988       0x1c CMakeFiles/pico_wifi_example.dir/home/sets/pico-sdk/lib/lwip/src/core/udp.c.obj
                0x000000001000c988                udp_new
 .text.udp_netif_ip_addr_changed
                0x000000001000c9a4       0x40 CMakeFiles/pico_wifi_example.dir/home/sets/pico-sdk/lib/lwip/src/core/udp.c.obj
                0x000000001000c9a4                udp_netif_ip_addr_changed
 .text.dhcp_create_msg
                0x000000001000c9e4      0x16c CMakeFiles/pico_wifi_example.dir/home/sets/pico-sdk/lib/lwip/src/core/ipv4/dhcp.c.obj
 .text.dhcp_inc_pcb_refcount
                0x000000001000cb50       0x6c CMakeFiles/pico_wifi_example.dir/home/sets/pico-sdk/lib/lwip/src/core/ipv4/dhcp.c.obj
 .text.dhcp_bind
                0x000000001000cbbc      0x11c CMakeFiles/pico_wifi_example.dir/home/sets/pico-sdk/lib/lwip/src/core/ipv4/dhcp.c.obj
 .text.dhcp_option_hostname.isra.0
                0x000000001000ccd8       0x8c CMakeFiles/pico_wifi_example.dir/home/sets/pico-sdk/lib/lwip/src/core/ipv4/dhcp.c.obj
 .text.dhcp_handle_ack.isra.0
                0x000000001000cd64       0xcc CMakeFiles/pico_wifi_example.dir/home/sets/pico-sdk/lib/lwip/src/core/ipv4/dhcp.c.obj
 .text.dhcp_reboot.isra.0
                0x000000001000ce30      0x1e4 CMakeFiles/pico_wifi_example.dir/home/sets/pico-sdk/lib/lwip/src/core/ipv4/dhcp.c.obj
 .text.dhcp_discover
                0x000000001000d014      0x198 CMakeFiles/pico_wifi_example.dir/home/sets/pico-sdk/lib/lwip/src/core/ipv4/dhcp.c.obj
 .text.dhcp_select.isra.0
                0x000000001000d1ac      0x268 CMakeFiles/pico_wifi_example.dir/home/sets/pico-sdk/lib/lwip/src/core/ipv4/dhcp.c.obj
 .text.dhcp_recv
                0x000000001000d414      0x494 CMakeFiles/pico_wifi_example.dir/home/sets/pico-sdk/lib/lwip/src/core/ipv4/dhcp.c.obj
 .text.dhcp_set_struct
                0x000000001000d8a8       0x44 CMakeFiles/pico_wifi_example.dir/home/sets/pico-sdk/lib/lwip/src/core/ipv4/dhcp.c.obj
                0x000000001000d8a8                dhcp_set_struct
 .text.dhcp_network_changed_link_up
                0x000000001000d8ec       0x40 CMakeFiles/pico_wifi_example.dir/home/sets/pico-sdk/lib/lwip/src/core/ipv4/dhcp.c.obj
                0x000000001000d8ec                dhcp_network_changed_link_up
 .text.dhcp_renew
                0x000000001000d92c      0x1b8 CMakeFiles/pico_wifi_example.dir/home/sets/pico-sdk/lib/lwip/src/core/ipv4/dhcp.c.obj
                0x000000001000d92c                dhcp_renew
 .text.dhcp_release_and_stop
                0x000000001000dae4      0x180 CMakeFiles/pico_wifi_example.dir/home/sets/pico-sdk/lib/lwip/src/core/ipv4/dhcp.c.obj
                0x000000001000dae4                dhcp_release_and_stop
 .text.dhcp_start
                0x000000001000dc64       0xb0 CMakeFiles/pico_wifi_example.dir/home/sets/pico-sdk/lib/lwip/src/core/ipv4/dhcp.c.obj
                0x000000001000dc64                dhcp_start
 .text.dhcp_coarse_tmr
                0x000000001000dd14      0x238 CMakeFiles/pico_wifi_example.dir/home/sets/pico-sdk/lib/lwip/src/core/ipv4/dhcp.c.obj
                0x000000001000dd14                dhcp_coarse_tmr
 .text.dhcp_fine_tmr
                0x000000001000df4c       0x78 CMakeFiles/pico_wifi_example.dir/home/sets/pico-sdk/lib/lwip/src/core/ipv4/dhcp.c.obj
                0x000000001000df4c                dhcp_fine_tmr
 .text.dhcp_stop
                0x000000001000dfc4      0x180 CMakeFiles/pico_wifi_example.dir/home/sets/pico-sdk/lib/lwip/src/core/ipv4/dhcp.c.obj
                0x000000001000dfc4                dhcp_stop
 .text.etharp_find_entry
                0x000000001000e144     0x1fbc CMakeFiles/pico_wifi_example.dir/home/sets/pico-sdk/lib/lwip/src/core/ipv4/etharp.c.obj
 .text.etharp_raw
                0x0000000010010100       0xec CMakeFiles/pico_wifi_example.dir/home/sets/pico-sdk/lib/lwip/src/core/ipv4/etharp.c.obj
 .text.etharp_output_to_arp_index
                0x00000000100101ec       0xe4 CMakeFiles/pico_wifi_example.dir/home/sets/pico-sdk/lib/lwip/src/core/ipv4/etharp.c.obj
 .text.etharp_tmr
                0x00000000100102d0       0x94 CMakeFiles/pico_wifi_example.dir/home/sets/pico-sdk/lib/lwip/src/core/ipv4/etharp.c.obj
                0x00000000100102d0                etharp_tmr
 .text.etharp_cleanup_netif
                0x0000000010010364      0x188 CMakeFiles/pico_wifi_example.dir/home/sets/pico-sdk/lib/lwip/src/core/ipv4/etharp.c.obj
                0x0000000010010364                etharp_cleanup_netif
 .text.etharp_input
                0x00000000100104ec      0x1b0 CMakeFiles/pico_wifi_example.dir/home/sets/pico-sdk/lib/lwip/src/core/ipv4/etharp.c.obj
                0x00000000100104ec                etharp_input
 .text.etharp_query
                0x000000001001069c      0x1c0 CMakeFiles/pico_wifi_example.dir/home/sets/pico-sdk/lib/lwip/src/core/ipv4/etharp.c.obj
                0x000000001001069c                etharp_query
 .text.etharp_output
                0x000000001001085c      0x24c CMakeFiles/pico_wifi_example.dir/home/sets/pico-sdk/lib/lwip/src/core/ipv4/etharp.c.obj
                0x000000001001085c                etharp_output
 .text.etharp_request
                0x0000000010010aa8       0x2c CMakeFiles/pico_wifi_example.dir/home/sets/pico-sdk/lib/lwip/src/core/ipv4/etharp.c.obj
                0x0000000010010aa8                etharp_request
 .text.icmp_input
                0x0000000010010ad4      0x1e8 CMakeFiles/pico_wifi_example.dir/home/sets/pico-sdk/lib/lwip/src/core/ipv4/icmp.c.obj
                0x0000000010010ad4                icmp_input
 .text.icmp_dest_unreach
                0x0000000010010cbc       0xd0 CMakeFiles/pico_wifi_example.dir/home/sets/pico-sdk/lib/lwip/src/core/ipv4/icmp.c.obj
                0x0000000010010cbc                icmp_dest_unreach
 .text.icmp_time_exceeded
                0x0000000010010d8c       0xd0 CMakeFiles/pico_wifi_example.dir/home/sets/pico-sdk/lib/lwip/src/core/ipv4/icmp.c.obj
                0x0000000010010d8c                icmp_time_exceeded
 .text.ip_reass_free_complete_datagram
                0x0000000010010e5c      0x114 CMakeFiles/pico_wifi_example.dir/home/sets/pico-sdk/lib/lwip/src/core/ipv4/ip4_frag.c.obj
 .text.ip_reass_remove_oldest_datagram
                0x0000000010010f70       0xd8 CMakeFiles/pico_wifi_example.dir/home/sets/pico-sdk/lib/lwip/src/core/ipv4/ip4_frag.c.obj
 .text.ip_reass_tmr
                0x0000000010011048       0x38 CMakeFiles/pico_wifi_example.dir/home/sets/pico-sdk/lib/lwip/src/core/ipv4/ip4_frag.c.obj
                0x0000000010011048                ip_reass_tmr
 .text.ip4_reass
                0x0000000010011080      0x534 CMakeFiles/pico_wifi_example.dir/home/sets/pico-sdk/lib/lwip/src/core/ipv4/ip4_frag.c.obj
                0x0000000010011080                ip4_reass
 .text.ip4_frag
                0x00000000100115b4      0x17c CMakeFiles/pico_wifi_example.dir/home/sets/pico-sdk/lib/lwip/src/core/ipv4/ip4_frag.c.obj
                0x00000000100115b4                ip4_frag
 .text.ip4_route
                0x0000000010011730       0x7c CMakeFiles/pico_wifi_example.dir/home/sets/pico-sdk/lib/lwip/src/core/ipv4/ip4.c.obj
                0x0000000010011730                ip4_route
 .text.ip4_input
                0x00000000100117ac      0x2cc CMakeFiles/pico_wifi_example.dir/home/sets/pico-sdk/lib/lwip/src/core/ipv4/ip4.c.obj
                0x00000000100117ac                ip4_input
 .text.ip4_output_if
                0x0000000010011a78      0x190 CMakeFiles/pico_wifi_example.dir/home/sets/pico-sdk/lib/lwip/src/core/ipv4/ip4.c.obj
                0x0000000010011a78                ip4_output_if
 .text.ip4_output_if_src
                0x0000000010011c08      0x17c CMakeFiles/pico_wifi_example.dir/home/sets/pico-sdk/lib/lwip/src/core/ipv4/ip4.c.obj
                0x0000000010011c08                ip4_output_if_src
 .text.ip4_addr_isbroadcast_u32
                0x0000000010011d84       0x3c CMakeFiles/pico_wifi_example.dir/home/sets/pico-sdk/lib/lwip/src/core/ipv4/ip4_addr.c.obj
                0x0000000010011d84                ip4_addr_isbroadcast_u32
 .text.ip4addr_ntoa
                0x0000000010011dc0       0xdc CMakeFiles/pico_wifi_example.dir/home/sets/pico-sdk/lib/lwip/src/core/ipv4/ip4_addr.c.obj
                0x0000000010011dc0                ip4addr_ntoa
 .text.ethernet_input
                0x0000000010011e9c       0xd0 CMakeFiles/pico_wifi_example.dir/home/sets/pico-sdk/lib/lwip/src/netif/ethernet.c.obj
                0x0000000010011e9c                ethernet_input
 .text.ethernet_output
                0x0000000010011f6c       0x6c CMakeFiles/pico_wifi_example.dir/home/sets/pico-sdk/lib/lwip/src/netif/ethernet.c.obj
                0x0000000010011f6c                ethernet_output
 .text.cyw43_arch_wifi_connect_bssid_until.part.0
                0x0000000010011fd8       0xd8 CMakeFiles/pico_wifi_example.dir/home/sets/pico-sdk/src/rp2_common/pico_cyw43_arch/cyw43_arch.c.obj
 .text.cyw43_arch_set_async_context
                0x00000000100120b0        0xc CMakeFiles/pico_wifi_example.dir/home/sets/pico-sdk/src/rp2_common/pico_cyw43_arch/cyw43_arch.c.obj
                0x00000000100120b0                cyw43_arch_set_async_context
 .text.cyw43_arch_enable_sta_mode
                0x00000000100120bc       0x1c CMakeFiles/pico_wifi_example.dir/home/sets/pico-sdk/src/rp2_common/pico_cyw43_arch/cyw43_arch.c.obj
                0x00000000100120bc                cyw43_arch_enable_sta_mode
 .text.cyw43_arch_wifi_connect_timeout_ms
                0x00000000100120d8       0x9c CMakeFiles/pico_wifi_example.dir/home/sets/pico-sdk/src/rp2_common/pico_cyw43_arch/cyw43_arch.c.obj
                0x00000000100120d8                cyw43_arch_wifi_connect_timeout_ms
 .text.cyw43_arch_async_context
                0x0000000010012174        0xc CMakeFiles/pico_wifi_example.dir/home/sets/pico-sdk/src/rp2_common/pico_cyw43_arch/cyw43_arch.c.obj
                0x0000000010012174                cyw43_arch_async_context
 .text.cyw43_arch_init
                0x0000000010012180       0x80 CMakeFiles/pico_wifi_example.dir/home/sets/pico-sdk/src/rp2_common/pico_cyw43_arch/cyw43_arch_threadsafe_background.c.obj
                0x0000000010012180                cyw43_arch_init
 .text.ns_delay.constprop.0
                0x0000000010012200       0x20 CMakeFiles/pico_wifi_example.dir/home/sets/pico-sdk/src/rp2_common/pico_cyw43_driver/cyw43_bus_pio_spi.c.obj
 .text.cyw43_spi_deinit
                0x0000000010012220       0x7c CMakeFiles/pico_wifi_example.dir/home/sets/pico-sdk/src/rp2_common/pico_cyw43_driver/cyw43_bus_pio_spi.c.obj
                0x0000000010012220                cyw43_spi_deinit
 .text.cyw43_spi_init
                0x000000001001229c      0x140 CMakeFiles/pico_wifi_example.dir/home/sets/pico-sdk/src/rp2_common/pico_cyw43_driver/cyw43_bus_pio_spi.c.obj
                0x000000001001229c                cyw43_spi_init
 .text.cyw43_spi_transfer
                0x00000000100123dc      0x40c CMakeFiles/pico_wifi_example.dir/home/sets/pico-sdk/src/rp2_common/pico_cyw43_driver/cyw43_bus_pio_spi.c.obj
                0x00000000100123dc                cyw43_spi_transfer
 .text.cyw43_spi_gpio_setup
                0x00000000100127e8       0x3c CMakeFiles/pico_wifi_example.dir/home/sets/pico-sdk/src/rp2_common/pico_cyw43_driver/cyw43_bus_pio_spi.c.obj